Component: ARM Compiler 5.06 update 7 (build 960) Tool: armlink [4d3601]

==============================================================================

Section Cross References

    startup_stm32f429xx.o(STACK) refers (Special) to heapauxi.o(.text) for __use_two_region_memory
    startup_stm32f429xx.o(HEAP) refers (Special) to heapauxi.o(.text) for __use_two_region_memory
    startup_stm32f429xx.o(RESET) refers (Special) to heapauxi.o(.text) for __use_two_region_memory
    startup_stm32f429xx.o(RESET) refers to startup_stm32f429xx.o(STACK) for __initial_sp
    startup_stm32f429xx.o(RESET) refers to startup_stm32f429xx.o(.text) for Reset_Handler
    startup_stm32f429xx.o(RESET) refers to stm32f4xx_it.o(i.NMI_Handler) for NMI_Handler
    startup_stm32f429xx.o(RESET) refers to stm32f4xx_it.o(i.HardFault_Handler) for HardFault_Handler
    startup_stm32f429xx.o(RESET) refers to stm32f4xx_it.o(i.MemManage_Handler) for MemManage_Handler
    startup_stm32f429xx.o(RESET) refers to stm32f4xx_it.o(i.BusFault_Handler) for BusFault_Handler
    startup_stm32f429xx.o(RESET) refers to stm32f4xx_it.o(i.UsageFault_Handler) for UsageFault_Handler
    startup_stm32f429xx.o(RESET) refers to stm32f4xx_it.o(i.SVC_Handler) for SVC_Handler
    startup_stm32f429xx.o(RESET) refers to stm32f4xx_it.o(i.DebugMon_Handler) for DebugMon_Handler
    startup_stm32f429xx.o(RESET) refers to stm32f4xx_it.o(i.PendSV_Handler) for PendSV_Handler
    startup_stm32f429xx.o(RESET) refers to stm32f4xx_it.o(i.SysTick_Handler) for SysTick_Handler
    startup_stm32f429xx.o(.text) refers (Special) to heapauxi.o(.text) for __use_two_region_memory
    startup_stm32f429xx.o(.text) refers to system_stm32f4xx.o(i.SystemInit) for SystemInit
    startup_stm32f429xx.o(.text) refers to __main.o(!!!main) for __main
    startup_stm32f429xx.o(.text) refers to startup_stm32f429xx.o(HEAP) for Heap_Mem
    startup_stm32f429xx.o(.text) refers to startup_stm32f429xx.o(STACK) for Stack_Mem
    network_1644156729134.o(i.ai_network_1644156729134_create) refers to ai_platform_interface.o(i.ai_platform_network_create) for ai_platform_network_create
    network_1644156729134.o(i.ai_network_1644156729134_create) refers to network_1644156729134.o(.data) for .data
    network_1644156729134.o(i.ai_network_1644156729134_create_and_init) refers to network_1644156729134.o(i.ai_network_1644156729134_create) for ai_network_1644156729134_create
    network_1644156729134.o(i.ai_network_1644156729134_create_and_init) refers to network_1644156729134_data.o(i.ai_network_1644156729134_data_params_get) for ai_network_1644156729134_data_params_get
    network_1644156729134.o(i.ai_network_1644156729134_create_and_init) refers to network_1644156729134.o(i.ai_network_1644156729134_get_error) for ai_network_1644156729134_get_error
    network_1644156729134.o(i.ai_network_1644156729134_create_and_init) refers to ai_platform.o(i.ai_buffer_array_item_set_address) for ai_buffer_array_item_set_address
    network_1644156729134.o(i.ai_network_1644156729134_create_and_init) refers to network_1644156729134.o(i.ai_network_1644156729134_init) for ai_network_1644156729134_init
    network_1644156729134.o(i.ai_network_1644156729134_destroy) refers to ai_platform_interface.o(i.ai_platform_network_destroy) for ai_platform_network_destroy
    network_1644156729134.o(i.ai_network_1644156729134_forward) refers to ai_platform_interface.o(i.ai_platform_network_process) for ai_platform_network_process
    network_1644156729134.o(i.ai_network_1644156729134_get_error) refers to ai_platform_interface.o(i.ai_platform_network_get_error) for ai_platform_network_get_error
    network_1644156729134.o(i.ai_network_1644156729134_get_info) refers to ai_platform_interface.o(i.ai_platform_context_acquire) for ai_platform_context_acquire
    network_1644156729134.o(i.ai_network_1644156729134_get_info) refers to rt_memcpy_w.o(.text) for __aeabi_memcpy4
    network_1644156729134.o(i.ai_network_1644156729134_get_info) refers to ai_platform_interface.o(i.ai_platform_runtime_get_revision) for ai_platform_runtime_get_revision
    network_1644156729134.o(i.ai_network_1644156729134_get_info) refers to ai_platform_interface.o(i.ai_platform_runtime_get_version) for ai_platform_runtime_get_version
    network_1644156729134.o(i.ai_network_1644156729134_get_info) refers to ai_platform_interface.o(i.ai_platform_api_get_version) for ai_platform_api_get_version
    network_1644156729134.o(i.ai_network_1644156729134_get_info) refers to ai_platform_interface.o(i.ai_platform_interface_api_get_version) for ai_platform_interface_api_get_version
    network_1644156729134.o(i.ai_network_1644156729134_get_info) refers to ai_platform_interface.o(i.ai_platform_api_get_network_report) for ai_platform_api_get_network_report
    network_1644156729134.o(i.ai_network_1644156729134_get_info) refers to network_1644156729134.o(.constdata) for .constdata
[...]
    ai_buffer_array_sane                     0x08003c79   Thumb Code    18  ai_platform.o(i.ai_buffer_array_sane)
    ai_buffer_get_byte_size                  0x08003c8b   Thumb Code    16  ai_platform.o(i.ai_buffer_get_byte_size)
    ai_buffer_get_size                       0x08003c9d   Thumb Code    96  ai_platform.o(i.ai_buffer_get_size)
    ai_check_custom_types                    0x08003d05   Thumb Code    38  layers.o(i.ai_check_custom_types)
    ai_dict_decompress_f32                   0x080043a1   Thumb Code   122  layers_conv2d_generic_float.o(i.ai_dict_decompress_f32)
    ai_layers_destroy_all                    0x0800441b   Thumb Code    54  layers.o(i.ai_layers_destroy_all)
    ai_layers_forward_all                    0x08004451   Thumb Code    78  layers.o(i.ai_layers_forward_all)
    ai_layers_init_all                       0x0800449f   Thumb Code    30  layers.o(i.ai_layers_init_all)
    ai_layers_post_init_all                  0x080044bd   Thumb Code    54  layers.o(i.ai_layers_post_init_all)
    ai_mnetwork_create                       0x080044f5   Thumb Code    88  app_x-cube-ai.o(i.ai_mnetwork_create)
    ai_mnetwork_destroy                      0x08004551   Thumb Code    42  app_x-cube-ai.o(i.ai_mnetwork_destroy)
    ai_mnetwork_find                         0x08004581   Thumb Code    24  app_x-cube-ai.o(i.ai_mnetwork_find)
    ai_mnetwork_get_error                    0x0800459d   Thumb Code    40  app_x-cube-ai.o(i.ai_mnetwork_get_error)
    ai_mnetwork_get_private_handle           0x080045c5   Thumb Code    42  app_x-cube-ai.o(i.ai_mnetwork_get_private_handle)
    ai_mnetwork_get_report                   0x080045ef   Thumb Code    28  app_x-cube-ai.o(i.ai_mnetwork_get_report)
    ai_mnetwork_init                         0x08004629   Thumb Code    70  app_x-cube-ai.o(i.ai_mnetwork_init)
    ai_mnetwork_run                          0x080046a3   Thumb Code    34  app_x-cube-ai.o(i.ai_mnetwork_run)
    ai_network_1644156729134_create          0x080046c5   Thumb Code    20  network_1644156729134.o(i.ai_network_1644156729134_create)
    ai_network_1644156729134_data_params_get 0x080046dd   Thumb Code    36  network_1644156729134_data.o(i.ai_network_1644156729134_data_params_get)
    ai_network_1644156729134_destroy         0x08004705   Thumb Code     4  network_1644156729134.o(i.ai_network_1644156729134_destroy)
    ai_network_1644156729134_forward         0x08004709   Thumb Code     6  network_1644156729134.o(i.ai_network_1644156729134_forward)
    ai_network_1644156729134_get_error       0x0800470f   Thumb Code     4  network_1644156729134.o(i.ai_network_1644156729134_get_error)
    ai_network_1644156729134_get_report      0x08004715   Thumb Code    82  network_1644156729134.o(i.ai_network_1644156729134_get_report)
    ai_network_1644156729134_init            0x0800476d   Thumb Code    48  network_1644156729134.o(i.ai_network_1644156729134_init)
    ai_network_1644156729134_run             0x0800479d   Thumb Code     4  network_1644156729134.o(i.ai_network_1644156729134_run)
    ai_platform_api_get_network_report       0x080047a1   Thumb Code   370  ai_platform_interface.o(i.ai_platform_api_get_network_report)
    ai_platform_api_get_version              0x0800492d   Thumb Code    14  ai_platform_interface.o(i.ai_platform_api_get_version)
    ai_platform_bind_network_params          0x08004941   Thumb Code    38  ai_platform_interface.o(i.ai_platform_bind_network_params)
    ai_platform_context_acquire              0x0800496d   Thumb Code    24  ai_platform_interface.o(i.ai_platform_context_acquire)
    ai_platform_get_activations_map          0x08004989   Thumb Code    38  ai_platform_interface.o(i.ai_platform_get_activations_map)
    ai_platform_get_weights_map              0x080049b5   Thumb Code    36  ai_platform_interface.o(i.ai_platform_get_weights_map)
    ai_platform_interface_api_get_version    0x080049dd   Thumb Code    14  ai_platform_interface.o(i.ai_platform_interface_api_get_version)
    ai_platform_network_create               0x080049f1   Thumb Code   240  ai_platform_interface.o(i.ai_platform_network_create)
    ai_platform_network_destroy              0x08004af9   Thumb Code    22  ai_platform_interface.o(i.ai_platform_network_destroy)
    ai_platform_network_get_error            0x08004b11   Thumb Code    24  ai_platform_interface.o(i.ai_platform_network_get_error)
    ai_platform_network_init                 0x08004b2d   Thumb Code   254  ai_platform_interface.o(i.ai_platform_network_init)
    ai_platform_network_post_init            0x08004c39   Thumb Code    70  ai_platform_interface.o(i.ai_platform_network_post_init)
    ai_platform_network_process              0x08004c7f   Thumb Code    84  ai_platform_interface.o(i.ai_platform_network_process)
    ai_platform_network_set_error            0x08004cd3   Thumb Code    12  ai_platform_interface.o(i.ai_platform_network_set_error)
    ai_platform_observer_register_s          0x08004ce1   Thumb Code    80  ai_platform_interface.o(i.ai_platform_observer_register_s)
    ai_platform_observer_unregister_s        0x08004d35   Thumb Code    34  ai_platform_interface.o(i.ai_platform_observer_unregister_s)
    ai_platform_runtime_get_revision         0x08004d59   Thumb Code    10  ai_platform_interface.o(i.ai_platform_runtime_get_revision)
    ai_platform_runtime_get_version          0x08004d69   Thumb Code    14  ai_platform_interface.o(i.ai_platform_runtime_get_version)
    ai_platform_version_get                  0x08004d7d   Thumb Code    24  ai_datatypes_internal.o(i.ai_platform_version_get)
    ai_version_get                           0x08004daf   Thumb Code    12  ai_datatypes_internal.o(i.ai_version_get)
    core_get_error                           0x08004dd7   Thumb Code    12  core_common.o(i.core_get_error)
    core_init                                0x08004de3   Thumb Code     4  core_common.o(i.core_init)
    core_set_error                           0x08004e19   Thumb Code    26  core_common.o(i.core_set_error)
    dwtCyclesToFloatMs                       0x08005179   Thumb Code    52  aitestutility.o(i.dwtCyclesToFloatMs)
    dwtCyclesToTime                          0x080051b1   Thumb Code   142  aitestutility.o(i.dwtCyclesToTime)
    forward_conv2d                           0x08005511   Thumb Code   656  layers_conv2d_generic_float.o(i.forward_conv2d)
    forward_conv2d_nl_pool                   0x080057a5   Thumb Code  1106  layers_conv2d_generic_float.o(i.forward_conv2d_nl_pool)
    forward_dense                            0x08005bfd   Thumb Code   514  layers_conv2d_generic_float.o(i.forward_dense)
    forward_relu                             0x08005e05   Thumb Code   154  layers_nl_generic_float.o(i.forward_relu)
    forward_sm                               0x08005e9f   Thumb Code   108  layers_nl_generic_float.o(i.forward_sm)
    getFlashCacheConf                        0x08005f0d   Thumb Code     6  aitestutility.o(i.getFlashCacheConf)
    get_tensor_byte_size                     0x08005f19   Thumb Code    34  ai_datatypes_internal.o(i.get_tensor_byte_size)
    ioRawDisableLLWrite                      0x08005f79   Thumb Code     8  aitestutility.o(i.ioRawDisableLLWrite)
    ioRawReadBuffer                          0x08005f85   Thumb Code    26  aitestutility.o(i.ioRawReadBuffer)
    ioRawWriteBuffer                         0x08005fa5   Thumb Code    26  aitestutility.o(i.ioRawWriteBuffer)
    lc_print                                 0x08005ff5   Thumb Code    22  aitestutility.o(i.lc_print)
    main                                     0x08006011   Thumb Code    26  main.o(i.main)
    nl_func_relu_array_f32                   0x0800616d   Thumb Code    62  layers_nl_generic_float.o(i.nl_func_relu_array_f32)
    nl_func_relu_generic_array_f32           0x080061b1   Thumb Code   190  layers_nl_generic_float.o(i.nl_func_relu_generic_array_f32)
    nl_func_relu_thresholded_array_f32       0x08006275   Thumb Code    66  layers_nl_generic_float.o(i.nl_func_relu_thresholded_array_f32)
    nl_func_sm_array_f32                     0x080062bd   Thumb Code    78  layers_nl_generic_float.o(i.nl_func_sm_array_f32)
    nl_func_sm_channel_f32                   0x0800630d   Thumb Code   150  layers_nl_generic_float.o(i.nl_func_sm_channel_f32)
    pb_close_string_substream                0x080064b3   Thumb Code    34  pb_decode.o(i.pb_close_string_substream)
    pb_decode                                0x080068c5   Thumb Code    30  pb_decode.o(i.pb_decode)
    pb_decode_delimited                      0x080068e3   Thumb Code    48  pb_decode.o(i.pb_decode_delimited)
    pb_decode_fixed32                        0x08006913   Thumb Code    42  pb_decode.o(i.pb_decode_fixed32)
    pb_decode_fixed64                        0x0800693d   Thumb Code    92  pb_decode.o(i.pb_decode_fixed64)
    pb_decode_noinit                         0x08006999   Thumb Code   488  pb_decode.o(i.pb_decode_noinit)
    pb_decode_svarint                        0x08006bbd   Thumb Code    58  pb_decode.o(i.pb_decode_svarint)
    pb_decode_tag                            0x08006bf7   Thumb Code    56  pb_decode.o(i.pb_decode_tag)
    pb_decode_varint                         0x08006c31   Thumb Code    86  pb_decode.o(i.pb_decode_varint)
    pb_decode_varint32                       0x08006c99   Thumb Code     6  pb_decode.o(i.pb_decode_varint32)
    pb_encode                                0x08006f05   Thumb Code   112  pb_encode.o(i.pb_encode)
    pb_encode_fixed32                        0x08006f75   Thumb Code    36  pb_encode.o(i.pb_encode_fixed32)
    pb_encode_fixed64                        0x08006f99   Thumb Code    72  pb_encode.o(i.pb_encode_fixed64)
    pb_encode_string                         0x08006fe1   Thumb Code    34  pb_encode.o(i.pb_encode_string)
    pb_encode_submessage                     0x08007005   Thumb Code   154  pb_encode.o(i.pb_encode_submessage)
    pb_encode_svarint                        0x080070c1   Thumb Code    20  pb_encode.o(i.pb_encode_svarint)
    pb_encode_tag                            0x080070d5   Thumb Code    10  pb_encode.o(i.pb_encode_tag)
    pb_encode_tag_for_field                  0x080070e1   Thumb Code    58  pb_encode.o(i.pb_encode_tag_for_field)
    pb_encode_varint                         0x08007131   Thumb Code    74  pb_encode.o(i.pb_encode_varint)
    pb_field_iter_begin                      0x0800717b   Thumb Code    36  pb_common.o(i.pb_field_iter_begin)
    pb_field_iter_find                       0x0800719f   Thumb Code    46  pb_common.o(i.pb_field_iter_find)
    pb_field_iter_next                       0x080071cd   Thumb Code   132  pb_common.o(i.pb_field_iter_next)
    pb_io_flush_istream                      0x08007305   Thumb Code    14  aipbio.o(i.pb_io_flush_istream)
    pb_io_flush_ostream                      0x0800731d   Thumb Code    22  aipbio.o(i.pb_io_flush_ostream)
    pb_io_istream                            0x08007339   Thumb Code    18  aipbio.o(i.pb_io_istream)
    pb_io_ostream                            0x08007351   Thumb Code    34  aipbio.o(i.pb_io_ostream)
    pb_io_stream_init                        0x08007379   Thumb Code    10  aipbio.o(i.pb_io_stream_init)
    pb_istream_from_buffer                   0x08007385   Thumb Code    14  pb_decode.o(i.pb_istream_from_buffer)
    pb_make_string_substream                 0x08007399   Thumb Code    62  pb_decode.o(i.pb_make_string_substream)
    pb_read                                  0x08007419   Thumb Code    98  pb_decode.o(i.pb_read)
    pb_skip_field                            0x080074e9   Thumb Code   100  pb_decode.o(i.pb_skip_field)
    pb_write                                 0x08007561   Thumb Code    58  pb_encode.o(i.pb_write)
    pool_func_mp_array_f32                   0x080075b5   Thumb Code   424  layers_pool_generic_float.o(i.pool_func_mp_array_f32)
    systemSettingLog                         0x08007879   Thumb Code   256  aitestutility.o(i.systemSettingLog)
    vlc_print                                0x08007add   Thumb Code   402  lc_print.o(i.vlc_print)
    __aeabi_dneg                             0x08007cd1   Thumb Code     0  basic.o(x$fpl$basic)
    _dneg                                    0x08007cd1   Thumb Code     6  basic.o(x$fpl$basic)
    __aeabi_fneg                             0x08007cd7   Thumb Code     0  basic.o(x$fpl$basic)
    _fneg                                    0x08007cd7   Thumb Code     6  basic.o(x$fpl$basic)
    _dabs                                    0x08007cdd   Thumb Code     6  basic.o(x$fpl$basic)
    _fabs                                    0x08007ce3   Thumb Code     6  basic.o(x$fpl$basic)
    __aeabi_dadd                             0x08007ce9   Thumb Code     0  daddsub_clz.o(x$fpl$dadd)
    _dadd                                    0x08007ce9   Thumb Code   332  daddsub_clz.o(x$fpl$dadd)
    __fpl_dcmp_Inf                           0x08007e39   Thumb Code    24  dcmpi.o(x$fpl$dcmpinf)
    __aeabi_ddiv                             0x08007e51   Thumb Code     0  ddiv.o(x$fpl$ddiv)
    _ddiv                                    0x08007e51   Thumb Code   552  ddiv.o(x$fpl$ddiv)
    __aeabi_cdcmple                          0x08008101   Thumb Code     0  dleqf.o(x$fpl$dleqf)
    _dcmple                                  0x08008101   Thumb Code   120  dleqf.o(x$fpl$dleqf)
    __fpl_dcmple_InfNaN                      0x08008163   Thumb Code     0  dleqf.o(x$fpl$dleqf)
    __aeabi_dmul                             0x08008179   Thumb Code     0  dmul.o(x$fpl$dmul)
    _dmul                                    0x08008179   Thumb Code   332  dmul.o(x$fpl$dmul)
    __fpl_dnaninf                            0x080082cd   Thumb Code   156  dnaninf.o(x$fpl$dnaninf)
    __fpl_dretinf                            0x08008369   Thumb Code    12  dretinf.o(x$fpl$dretinf)
    __aeabi_dsub                             0x08008375   Thumb Code     0  daddsub_clz.o(x$fpl$dsub)
    _dsub                                    0x08008375   Thumb Code   464  daddsub_clz.o(x$fpl$dsub)
    __aeabi_f2d                              0x08008549   Thumb Code     0  f2d.o(x$fpl$f2d)
    _f2d                                     0x08008549   Thumb Code    86  f2d.o(x$fpl$f2d)
    __aeabi_ul2f                             0x0800859f   Thumb Code     0  ffltll_clz.o(x$fpl$ffltll)
    _ll_uto_f                                0x0800859f   Thumb Code     6  ffltll_clz.o(x$fpl$ffltll)
    __aeabi_l2f                              0x080085a5   Thumb Code     0  ffltll_clz.o(x$fpl$ffltll)
    _ll_sto_f                                0x080085a5   Thumb Code    90  ffltll_clz.o(x$fpl$ffltll)
    __fpl_fnaninf                            0x080085ff   Thumb Code   140  fnaninf.o(x$fpl$fnaninf)
    _fp_init                                 0x0800868b   Thumb Code    10  fpinit.o(x$fpl$fpinit)
    __fplib_config_fpu_vfp                   0x08008693   Thumb Code     0  fpinit.o(x$fpl$fpinit)
    __fplib_config_pureend_doubles           0x08008693   Thumb Code     0  fpinit.o(x$fpl$fpinit)
    __aeabi_d2ulz                            0x08008695   Thumb Code     0  dfixull.o(x$fpl$llufromd)
    _ll_ufrom_d                              0x08008695   Thumb Code   120  dfixull.o(x$fpl$llufromd)
    __I$use$fp                               0x0800870c   Number         0  usenofp.o(x$fpl$usenofp)
    s_network_1644156729134_network_1644156729134_weights_array_u64 0x08008840   Data       670824  network_1644156729134_data.o(.constdata)
    reqMsg_cmd_default                       0x080ac604   Data           1  stm32msg.pb.o(.constdata)
    aiBufferShapeMsg_format_default          0x080ac608   Data           4  stm32msg.pb.o(.constdata)
    aiBufferShapeMsg_n_batches_default       0x080ac60c   Data           4  stm32msg.pb.o(.constdata)
    aiBufferShapeMsg_height_default          0x080ac610   Data           4  stm32msg.pb.o(.constdata)
    aiBufferShapeMsg_width_default           0x080ac614   Data           4  stm32msg.pb.o(.constdata)
    aiBufferShapeMsg_channels_default        0x080ac618   Data           4  stm32msg.pb.o(.constdata)
    aiBufferShapeMsg_scale_default           0x080ac61c   Data           4  stm32msg.pb.o(.constdata)
    aiBufferShapeMsg_zeropoint_default       0x080ac620   Data           4  stm32msg.pb.o(.constdata)
    aiBufferShapeMsg_addr_default            0x080ac624   Data           4  stm32msg.pb.o(.constdata)
    reqMsg_fields                            0x080ac628   Data          90  stm32msg.pb.o(.constdata)
    aiRunReportMsg_fields                    0x080ac682   Data          90  stm32msg.pb.o(.constdata)
    aiBufferShapeMsg_fields                  0x080ac6dc   Data         135  stm32msg.pb.o(.constdata)
    aiNetworkInfoMsg_fields                  0x080ac763   Data         315  stm32msg.pb.o(.constdata)
    aiBufferByteMsg_fields                   0x080ac89e   Data          45  stm32msg.pb.o(.constdata)
    syncMsg_fields                           0x080ac8cb   Data          60  stm32msg.pb.o(.constdata)
    sysinfoMsg_fields                        0x080ac907   Data          75  stm32msg.pb.o(.constdata)
    ackMsg_fields                            0x080ac952   Data          45  stm32msg.pb.o(.constdata)
    logMsg_fields                            0x080ac97f   Data          45  stm32msg.pb.o(.constdata)
    nodeMsg_fields                           0x080ac9ac   Data          75  stm32msg.pb.o(.constdata)
    respMsg_fields                           0x080ac9f7   Data         150  stm32msg.pb.o(.constdata)
    AHBPrescTable                            0x080acabc   Data          16  system_stm32f4xx.o(.constdata)
    APBPrescTable                            0x080acacc   Data           8  system_stm32f4xx.o(.constdata)
    Region$$Table$$Base                      0x080acc6c   Number         0  anon$$obj.o(Region$$Table)
    Region$$Table$$Limit                     0x080acc8c   Number         0  anon$$obj.o(Region$$Table)
    g_network_1644156729134_data_map_activations 0x200008b0   Data          28  network_1644156729134_data.o(.data)
    g_network_1644156729134_data_map_weights 0x200008cc   Data          28  network_1644156729134_data.o(.data)
    data_ins                                 0x20000930   Data           4  app_x-cube-ai.o(.data)
    data_outs                                0x20000934   Data           4  app_x-cube-ai.o(.data)
    data_activations0                        0x20000938   Data           4  app_x-cube-ai.o(.data)
    hcrc                                     0x2000093c   Data           8  crc.o(.data)
    uwTickFreq                               0x20000944   Data           1  stm32f4xx_hal.o(.data)
    uwTickPrio                               0x20000948   Data           4  stm32f4xx_hal.o(.data)
    uwTick                                   0x2000094c   Data           4  stm32f4xx_hal.o(.data)
    SystemCoreClock                          0x20000950   Data           4  system_stm32f4xx.o(.data)
    net_exec_ctx                             0x20000ca0   Data         132  aivalidation.o(.bss)
    net_obs_ctx                              0x20000d28   Data          64  aivalidation.o(.bss)
    cyclesCount                              0x20000d68   Data          12  aitestutility.o(.bss)
    data_in_1                                0x20000db4   Data        3136  app_x-cube-ai.o(.bss)
    data_out_1                               0x200019f4   Data          40  app_x-cube-ai.o(.bss)
    huart1                                   0x2001a920   Data          68  usart.o(.bss)
    __libspace_start                         0x2001a964   Data          96  libspace.o(.bss)
    __temporary_stack_top$libspace           0x2001a9c4   Data           0  libspace.o(.bss)



==============================================================================

Memory Map of the image

  Image Entry point : 0x080001ad

  Load Region LR_IROM1 (Base: 0x08000000, Size: 0x000ad5e0, Max: 0x00100000, ABSOLUTE, COMPRESSED[0x000acff0])

    Execution Region ER_IROM1 (Exec base: 0x08000000, Load base: 0x08000000, Size: 0x000acc8c, Max: 0x00100000, ABSOLUTE)

    Exec Addr    Load Addr    Size         Type   Attr      Idx    E Section Name        Object

    0x08000000   0x08000000   0x000001ac   Data   RO            3    RESET               startup_stm32f429xx.o
    0x080001ac   0x080001ac   0x00000008   Code   RO         4649  * !!!main             c_w.l(__main.o)
    0x080001b4   0x080001b4   0x00000034   Code   RO         5184    !!!scatter          c_w.l(__scatter.o)
    0x080001e8   0x080001e8   0x0000005a   Code   RO         5182    !!dczerorl2         c_w.l(__dczerorl2.o)
    0x08000242   0x08000242   0x00000002   PAD
    0x08000244   0x08000244   0x0000001c   Code   RO         5186    !!handler_zi        c_w.l(__scatter_zi.o)
    0x08000260   0x08000260   0x00000002   Code   RO         5119    .ARM.Collect$$libinit$$00000000  c_w.l(libinit.o)
    0x08000262   0x08000262   0x00000004   Code   RO         4941    .ARM.Collect$$libinit$$00000001  c_w.l(libinit2.o)
    0x08000266   0x08000266   0x00000000   Code   RO         4944    .ARM.Collect$$libinit$$00000004  c_w.l(libinit2.o)
    0x08000266   0x08000266   0x00000008   Code   RO         4945    .ARM.Collect$$libinit$$00000005  c_w.l(libinit2.o)
    0x0800026e   0x0800026e   0x00000000   Code   RO         4947    .ARM.Collect$$libinit$$0000000A  c_w.l(libinit2.o)
    0x0800026e   0x0800026e   0x00000000   Code   RO         4949    .ARM.Collect$$libinit$$0000000C  c_w.l(libinit2.o)
    0x0800026e   0x0800026e   0x00000000   Code   RO         4951    .ARM.Collect$$libinit$$0000000E  c_w.l(libinit2.o)
    0x0800026e   0x0800026e   0x00000000   Code   RO         4954    .ARM.Collect$$libinit$$00000011  c_w.l(libinit2.o)
    0x0800026e   0x0800026e   0x00000000   Code   RO         4956    .ARM.Collect$$libinit$$00000013  c_w.l(libinit2.o)
    0x0800026e   0x0800026e   0x00000000   Code   RO         4958    .ARM.Collect$$libinit$$00000015  c_w.l(libinit2.o)
    0x0800026e   0x0800026e   0x00000000   Code   RO         4960    .ARM.Collect$$libinit$$00000017  c_w.l(libinit2.o)
    0x0800026e   0x0800026e   0x00000000   Code   RO         4962    .ARM.Collect$$libinit$$00000019  c_w.l(libinit2.o)
    0x0800026e   0x0800026e   0x00000000   Code   RO         4964    .ARM.Collect$$libinit$$0000001B  c_w.l(libinit2.o)
    0x0800026e   0x0800026e   0x00000000   Code   RO         4966    .ARM.Collect$$libinit$$0000001D  c_w.l(libinit2.o)
    0x0800026e   0x0800026e   0x00000000   Code   RO         4968    .ARM.Collect$$libinit$$0000001F  c_w.l(libinit2.o)
    0x0800026e   0x0800026e   0x00000000   Code   RO         4970    .ARM.Collect$$libinit$$00000021  c_w.l(libinit2.o)
    0x0800026e   0x0800026e   0x00000000   Code   RO         4972    .ARM.Collect$$libinit$$00000023  c_w.l(libinit2.o)
    0x0800026e   0x0800026e   0x00000000   Code   RO         4974    .ARM.Collect$$libinit$$00000025  c_w.l(libinit2.o)
    0x0800026e   0x0800026e   0x00000000   Code   RO         4978    .ARM.Collect$$libinit$$0000002C  c_w.l(libinit2.o)
    0x0800026e   0x0800026e   0x00000000   Code   RO         4980    .ARM.Collect$$libinit$$0000002E  c_w.l(libinit2.o)
    0x0800026e   0x0800026e   0x00000000   Code   RO         4982    .ARM.Collect$$libinit$$00000030  c_w.l(libinit2.o)
    0x0800026e   0x0800026e   0x00000000   Code   RO         4984    .ARM.Collect$$libinit$$00000032  c_w.l(libinit2.o)
    0x0800026e   0x0800026e   0x00000002   Code   RO         4985    .ARM.Collect$$libinit$$00000033  c_w.l(libinit2.o)
    0x08000270   0x08000270   0x00000002   Code   RO         5179    .ARM.Collect$$libshutdown$$00000000  c_w.l(libshutdown.o)
    0x08000272   0x08000272   0x00000000   Code   RO         5135    .ARM.Collect$$libshutdown$$00000002  c_w.l(libshutdown2.o)
    0x08000272   0x08000272   0x00000000   Code   RO         5137    .ARM.Collect$$libshutdown$$00000004  c_w.l(libshutdown2.o)
    0x08000272   0x08000272   0x00000000   Code   RO         5139    .ARM.Collect$$libshutdown$$00000006  c_w.l(libshutdown2.o)
    0x08000272   0x08000272   0x00000000   Code   RO         5142    .ARM.Collect$$libshutdown$$00000009  c_w.l(libshutdown2.o)
    0x08000272   0x08000272   0x00000000   Code   RO         5145    .ARM.Collect$$libshutdown$$0000000C  c_w.l(libshutdown2.o)
    0x08000272   0x08000272   0x00000000   Code   RO         5147    .ARM.Collect$$libshutdown$$0000000E  c_w.l(libshutdown2.o)
    0x08000272   0x08000272   0x00000000   Code   RO         5150    .ARM.Collect$$libshutdown$$00000011  c_w.l(libshutdown2.o)
    0x08000272   0x08000272   0x00000002   Code   RO         5151    .ARM.Collect$$libshutdown$$00000012  c_w.l(libshutdown2.o)
    0x08000274   0x08000274   0x00000000   Code   RO         4907    .ARM.Collect$$rtentry$$00000000  c_w.l(__rtentry.o)
    0x08000274   0x08000274   0x00000000   Code   RO         5051    .ARM.Collect$$rtentry$$00000002  c_w.l(__rtentry2.o)
    0x08000274   0x08000274   0x00000006   Code   RO         5063    .ARM.Collect$$rtentry$$00000004  c_w.l(__rtentry4.o)
    0x0800027a   0x0800027a   0x00000000   Code   RO         5053    .ARM.Collect$$rtentry$$00000009  c_w.l(__rtentry2.o)
    0x0800027a   0x0800027a   0x00000004   Code   RO         5054    .ARM.Collect$$rtentry$$0000000A  c_w.l(__rtentry2.o)
    0x0800027e   0x0800027e   0x00000000   Code   RO         5056    .ARM.Collect$$rtentry$$0000000C  c_w.l(__rtentry2.o)
    0x0800027e   0x0800027e   0x00000008   Code   RO         5057    .ARM.Collect$$rtentry$$0000000D  c_w.l(__rtentry2.o)
    0x08000286   0x08000286   0x00000002   Code   RO         5122    .ARM.Collect$$rtexit$$00000000  c_w.l(rtexit.o)
    0x08000288   0x08000288   0x00000000   Code   RO         5155    .ARM.Collect$$rtexit$$00000002  c_w.l(rtexit2.o)
    0x08000288   0x08000288   0x00000004   Code   RO         5156    .ARM.Collect$$rtexit$$00000003  c_w.l(rtexit2.o)
    0x0800028c   0x0800028c   0x00000006   Code   RO         5157    .ARM.Collect$$rtexit$$00000004  c_w.l(rtexit2.o)
    0x08000292   0x08000292   0x00000002   PAD
    0x08000294   0x08000294   0x00000000   Code   RO         5074    .emb_text           c_w.l(maybetermalloc1.o)
    0x08000294   0x08000294   0x00000040   Code   RO            4    .text               startup_stm32f429xx.o
    0x080002d4   0x080002d4   0x0000005e   Code   RO         4565    .text               c_w.l(h1_alloc.o)
    0x08000332   0x08000332   0x0000004e   Code   RO         4567    .text               c_w.l(h1_free.o)
    0x08000380   0x08000380   0x000000ee   Code   RO         4627    .text               c_w.l(lludivv7m.o)
    0x0800046e   0x0800046e   0x00000026   Code   RO         4629    .text               c_w.l(llshl.o)
    0x08000494   0x08000494   0x00000058   Code   RO         4631    .text               c_w.l(memcmp.o)
    0x080004ec   0x080004ec   0x0000003e   Code   RO         4633    .text               c_w.l(strlen.o)
    0x0800052a   0x0800052a   0x00000096   Code   RO         4635    .text               c_w.l(strncmp.o)
    0x080005c0   0x080005c0   0x0000008a   Code   RO         4637    .text               c_w.l(rt_memcpy_v6.o)
    0x0800064a   0x0800064a   0x00000064   Code   RO         4639    .text               c_w.l(rt_memcpy_w.o)
    0x080006ae   0x080006ae   0x00000044   Code   RO         4641    .text               c_w.l(rt_memclr.o)
    0x080006f2   0x080006f2   0x0000004e   Code   RO         4643    .text               c_w.l(rt_memclr_w.o)
    0x08000740   0x08000740   0x00000006   Code   RO         4647    .text               c_w.l(heapauxi.o)
    0x08000746   0x08000746   0x00000002   PAD
    0x08000748   0x08000748   0x00000008   Code   RO         4915    .text               c_w.l(rt_heap_descriptor_intlibspace.o)
    0x08000750   0x08000750   0x00000004   Code   RO         4917    .text               c_w.l(hguard.o)
    0x08000754   0x08000754   0x0000008a   Code   RO         4919    .text               c_w.l(init_alloc.o)
    0x080007de   0x080007de   0x0000000e   Code   RO         4923    .text               c_w.l(h1_init.o)
    0x080007ec   0x080007ec   0x00000016   Code   RO         4937    .text               c_w.l(_rserrno.o)
    0x08000802   0x08000802   0x00000002   PAD
    0x08000804   0x08000804   0x00000008   Code   RO         5047    .text               c_w.l(libspace.o)
    0x0800080c   0x0800080c   0x00000008   Code   RO         5070    .text               c_w.l(rt_errno_addr_intlibspace.o)
    0x08000814   0x08000814   0x00000034   Code   RO         5076    .text               c_w.l(h1_extend.o)
    0x08000848   0x08000848   0x0000000e   Code   RO         5080    .text               c_w.l(defsig_rtmem_outer.o)
    0x08000856   0x08000856   0x00000002   Code   RO         5091    .text               c_w.l(use_no_semi.o)
    0x08000858   0x08000858   0x00000000   Code   RO         5093    .text               c_w.l(indicate_semi.o)
    0x08000858   0x08000858   0x0000004a   Code   RO         5094    .text               c_w.l(sys_stackheap_outer.o)
    0x080008a2   0x080008a2   0x00000012   Code   RO         5100    .text               c_w.l(exit.o)
    0x080008b4   0x080008b4   0x0000000a   Code   RO         5102    .text               c_w.l(defsig_exit.o)
    0x080008be   0x080008be   0x00000002   PAD
    0x080008c0   0x080008c0   0x00000050   Code   RO         5108    .text               c_w.l(defsig_rtmem_inner.o)
    0x08000910   0x08000910   0x0000000c   Code   RO         5120    .text               c_w.l(sys_exit.o)
    0x0800091c   0x0800091c   0x00000032   Code   RO         5130    .text               c_w.l(defsig_general.o)
    0x0800094e   0x0800094e   0x0000000e   Code   RO         5152    .text               c_w.l(sys_wrch.o)
    0x0800095c   0x0800095c   0x00000002   Code   RO         1891    i.BusFault_Handler  stm32f4xx_it.o
    0x0800095e   0x0800095e   0x00000002   PAD
    0x08000960   0x08000960   0x0000006c   Code   RO         3709    i.CRC_Lock          NetworkRuntime710_CM4_Keil.lib(ai_platform_interface.o)
    0x080009cc   0x080009cc   0x00000002   Code   RO         1892    i.DebugMon_Handler  stm32f4xx_it.o
    0x080009ce   0x080009ce   0x00000004   Code   RO         1736    i.Error_Handler     main.o
    0x080009d2   0x080009d2   0x00000022   Code   RO         1994    i.HAL_CRC_Init      stm32f4xx_hal_crc.o
    0x080009f4   0x080009f4   0x00000028   Code   RO         1808    i.HAL_CRC_MspInit   crc.o
    0x08000a1c   0x08000a1c   0x00000024   Code   RO         3001    i.HAL_Delay         stm32f4xx_hal.o
    0x08000a40   0x08000a40   0x00000234   Code   RO         2457    i.HAL_GPIO_Init     stm32f4xx_hal_gpio.o
    0x08000c74   0x08000c74   0x00000010   Code   RO         3006    i.HAL_GetDEVID      stm32f4xx_hal.o
    0x08000c84   0x08000c84   0x00000008   Code   RO         3007    i.HAL_GetHalVersion  stm32f4xx_hal.o
    0x08000c8c   0x08000c8c   0x0000000c   Code   RO         3008    i.HAL_GetREVID      stm32f4xx_hal.o
    0x08000c98   0x08000c98   0x0000000c   Code   RO         3009    i.HAL_GetTick       stm32f4xx_hal.o
    0x08000ca4   0x08000ca4   0x00000010   Code   RO         3015    i.HAL_IncTick       stm32f4xx_hal.o
    0x08000cb4   0x08000cb4   0x00000034   Code   RO         3016    i.HAL_Init          stm32f4xx_hal.o
    0x08000ce8   0x08000ce8   0x00000040   Code   RO         3017    i.HAL_InitTick      stm32f4xx_hal.o
    0x08000d28   0x08000d28   0x00000030   Code   RO         1966    i.HAL_MspInit       stm32f4xx_hal_msp.o
    0x08000d58   0x08000d58   0x00000040   Code   RO         2870    i.HAL_NVIC_SetPriority  stm32f4xx_hal_cortex.o
    0x08000d98   0x08000d98   0x00000024   Code   RO         2871    i.HAL_NVIC_SetPriorityGrouping  stm32f4xx_hal_cortex.o
    0x08000dbc   0x08000dbc   0x00000070   Code   RO         2793    i.HAL_PWREx_EnableOverDrive  stm32f4xx_hal_pwr_ex.o
    0x08000e2c   0x08000e2c   0x00000134   Code   RO         2051    i.HAL_RCC_ClockConfig  stm32f4xx_hal_rcc.o
    0x08000f60   0x08000f60   0x0000000c   Code   RO         2056    i.HAL_RCC_GetHCLKFreq  stm32f4xx_hal_rcc.o
    0x08000f6c   0x08000f6c   0x00000020   Code   RO         2058    i.HAL_RCC_GetPCLK1Freq  stm32f4xx_hal_rcc.o
    0x08000f8c   0x08000f8c   0x00000020   Code   RO         2059    i.HAL_RCC_GetPCLK2Freq  stm32f4xx_hal_rcc.o
    0x08000fac   0x08000fac   0x00000064   Code   RO         2060    i.HAL_RCC_GetSysClockFreq  stm32f4xx_hal_rcc.o
    0x08001010   0x08001010   0x0000036c   Code   RO         2063    i.HAL_RCC_OscConfig  stm32f4xx_hal_rcc.o
    0x0800137c   0x0800137c   0x00000028   Code   RO         2875    i.HAL_SYSTICK_Config  stm32f4xx_hal_cortex.o
    0x080013a4   0x080013a4   0x00000062   Code   RO         3329    i.HAL_UART_Init     stm32f4xx_hal_uart.o
    0x08001406   0x08001406   0x00000002   PAD
    0x08001408   0x08001408   0x0000006c   Code   RO         1850    i.HAL_UART_MspInit  usart.o
    0x08001474   0x08001474   0x000000c0   Code   RO         3332    i.HAL_UART_Receive  stm32f4xx_hal_uart.o
    0x08001534   0x08001534   0x000000b2   Code   RO         3337    i.HAL_UART_Transmit  stm32f4xx_hal_uart.o
    0x080015e6   0x080015e6   0x00000002   Code   RO         1893    i.HardFault_Handler  stm32f4xx_it.o
    0x080015e8   0x080015e8   0x00000024   Code   RO         1809    i.MX_CRC_Init       crc.o
    0x0800160c   0x0800160c   0x0000002c   Code   RO         1783    i.MX_GPIO_Init      gpio.o
    0x08001638   0x08001638   0x00000038   Code   RO         1851    i.MX_USART1_UART_Init  usart.o
    0x08001670   0x08001670   0x0000000e   Code   RO         1625    i.MX_X_CUBE_AI_Init  app_x-cube-ai.o
    0x0800167e   0x0800167e   0x00000004   Code   RO         1626    i.MX_X_CUBE_AI_Process  app_x-cube-ai.o
    0x08001682   0x08001682   0x00000002   Code   RO         1894    i.MemManage_Handler  stm32f4xx_it.o
    0x08001684   0x08001684   0x00000002   Code   RO         1895    i.NMI_Handler       stm32f4xx_it.o
    0x08001686   0x08001686   0x00000002   Code   RO         1896    i.PendSV_Handler    stm32f4xx_it.o
    0x08001688   0x08001688   0x00000002   Code   RO         1897    i.SVC_Handler       stm32f4xx_it.o
    0x0800168a   0x0800168a   0x00000004   Code   RO         1898    i.SysTick_Handler   stm32f4xx_it.o
    0x0800168e   0x0800168e   0x00000002   PAD
    0x08001690   0x08001690   0x000000a0   Code   RO         1737    i.SystemClock_Config  main.o
    0x08001730   0x08001730   0x00000010   Code   RO         3658    i.SystemInit        system_stm32f4xx.o
    0x08001740   0x08001740   0x0000010c   Code   RO         3355    i.UART_SetConfig    stm32f4xx_hal_uart.o
    0x0800184c   0x0800184c   0x00000078   Code   RO         3358    i.UART_WaitOnFlagUntilTimeout  stm32f4xx_hal_uart.o
    0x080018c4   0x080018c4   0x00000002   Code   RO         1899    i.UsageFault_Handler  stm32f4xx_it.o
    0x080018c6   0x080018c6   0x00000026   Code   RO         5007    i.__ARM_fpclassifyf  m_wm.l(fpclassifyf.o)
    0x080018ec   0x080018ec   0x00000020   Code   RO         2877    i.__NVIC_SetPriority  stm32f4xx_hal_cortex.o
    0x0800190c   0x0800190c   0x000000f8   Code   RO         3790    i.__ai_math_dot_array  NetworkRuntime710_CM4_Keil.lib(layers_conv2d_generic_float.o)
    0x08001a04   0x08001a04   0x000001e8   Code   RO         4793    i.__hardfp_expf     m_wm.l(expf.o)
    0x08001bec   0x08001bec   0x00000006   Code   RO         5010    i.__mathlib_flt_infnan  m_wm.l(funder.o)
    0x08001bf2   0x08001bf2   0x00000002   PAD
    0x08001bf4   0x08001bf4   0x00000010   Code   RO         5013    i.__mathlib_flt_overflow  m_wm.l(funder.o)
    0x08001c04   0x08001c04   0x00000010   Code   RO         5015    i.__mathlib_flt_underflow  m_wm.l(funder.o)
    0x08001c14   0x08001c14   0x0000012c   Code   RO         3791    i._ai_dict4_dot_array_f32  NetworkRuntime710_CM4_Keil.lib(layers_conv2d_generic_float.o)
    0x08001d40   0x08001d40   0x000000e8   Code   RO         3792    i._ai_dict8_dot_array_f32  NetworkRuntime710_CM4_Keil.lib(layers_conv2d_generic_float.o)
    0x08001e28   0x08001e28   0x00000012   Code   RO         4489    i._ai_forward_layer  NetworkRuntime710_CM4_Keil.lib(layers.o)
    0x08001e3a   0x08001e3a   0x00000004   Code   RO         3710    i._ai_platform_acquire_crc  NetworkRuntime710_CM4_Keil.lib(ai_platform_interface.o)
    0x08001e3e   0x08001e3e   0x00000002   PAD
    0x08001e40   0x08001e40   0x000000d0   Code   RO         3711    i._ai_platform_get_io_buffers_info  NetworkRuntime710_CM4_Keil.lib(ai_platform_interface.o)
    0x08001f10   0x08001f10   0x00000002   Code   RO         3712    i._ai_platform_release_crc  NetworkRuntime710_CM4_Keil.lib(ai_platform_interface.o)
    0x08001f12   0x08001f12   0x00000002   PAD
    0x08001f14   0x08001f14   0x0000004c   Code   RO         3713    i._platform_ai_buffer_array_copy  NetworkRuntime710_CM4_Keil.lib(ai_platform_interface.o)
    0x08001f60   0x08001f60   0x00000050   Code   RO         3714    i._platform_get_table_map_from_buffer  NetworkRuntime710_CM4_Keil.lib(ai_platform_interface.o)
    0x08001fb0   0x08001fb0   0x00000044   Code   RO         3715    i._platform_get_table_map_from_buffer_array  NetworkRuntime710_CM4_Keil.lib(ai_platform_interface.o)
    0x08001ff4   0x08001ff4   0x00000014   Code   RO         3716    i._platform_network_buffers_signature_valid  NetworkRuntime710_CM4_Keil.lib(ai_platform_interface.o)
    0x08002008   0x08002008   0x00000210   Code   RO         3717    i._platform_network_io_bind  NetworkRuntime710_CM4_Keil.lib(ai_platform_interface.o)
    0x08002218   0x08002218   0x0000003e   Code   RO         3718    i._platform_network_state_setup  NetworkRuntime710_CM4_Keil.lib(ai_platform_interface.o)
    0x08002256   0x08002256   0x00000068   Code   RO         3719    i._platform_network_state_update_input  NetworkRuntime710_CM4_Keil.lib(ai_platform_interface.o)
    0x080022be   0x080022be   0x00000080   Code   RO         3720    i._platform_network_state_update_output  NetworkRuntime710_CM4_Keil.lib(ai_platform_interface.o)
    0x0800233e   0x0800233e   0x000000c6   Code   RO         3721    i._platform_observer_node_exec_cb  NetworkRuntime710_CM4_Keil.lib(ai_platform_interface.o)
    0x08002404   0x08002404   0x00000024   Code   RO         1412    i._put_c_driver     aitestutility.o
    0x08002428   0x08002428   0x0000015c   Code   RO         1523    i._write_double     lc_print.o
    0x08002584   0x08002584   0x00000116   Code   RO         1524    i._write_number     lc_print.o
    0x0800269a   0x0800269a   0x00000002   PAD
    0x0800269c   0x0800269c   0x0000006e   Code   RO         1525    i._write_string     lc_print.o
    0x0800270a   0x0800270a   0x00000002   PAD
    0x0800270c   0x0800270c   0x00000108   Code   RO          772    i.aiBootstrap       aivalidation.o
    0x08002814   0x08002814   0x00000058   Code   RO          774    i.aiExecCtx         aivalidation.o
    0x0800286c   0x0800286c   0x00000088   Code   RO          775    i.aiInit            aivalidation.o
    0x080028f4   0x080028f4   0x00000070   Code   RO         1351    i.aiLogErr          aitesthelper.o
    0x08002964   0x08002964   0x0000003c   Code   RO          776    i.aiObserverConfig  aivalidation.o
    0x080029a0   0x080029a0   0x000001d4   Code   RO          777    i.aiOnExecNode_cb   aivalidation.o
    0x08002b74   0x08002b74   0x00000008   Code   RO          603    i.aiPbAiBufferSize  aipbmgr.o
    0x08002b7c   0x08002b7c   0x000000ae   Code   RO          604    i.aiPbBuffer_read_cb3  aipbmgr.o
    0x08002c2a   0x08002c2a   0x00000050   Code   RO          605    i.aiPbBuffer_write_cb3  aipbmgr.o
    0x08002c7a   0x08002c7a   0x00000034   Code   RO          778    i.aiPbCmdNNInfo     aivalidation.o
    0x08002cae   0x08002cae   0x00000002   PAD
    0x08002cb0   0x08002cb0   0x00000230   Code   RO          779    i.aiPbCmdNNRun      aivalidation.o
    0x08002ee0   0x08002ee0   0x00000020   Code   RO          606    i.aiPbCmdSync       aipbmgr.o
    0x08002f00   0x08002f00   0x00000030   Code   RO          607    i.aiPbCmdSysInfo    aipbmgr.o
    0x08002f30   0x08002f30   0x00000064   Code   RO          608    i.aiPbMgrInit       aipbmgr.o
    0x08002f94   0x08002f94   0x00000080   Code   RO          609    i.aiPbMgrReceiveAiBuffer3  aipbmgr.o
    0x08003014   0x08003014   0x00000012   Code   RO          610    i.aiPbMgrSendAck    aipbmgr.o
    0x08003026   0x08003026   0x00000002   PAD
    0x08003028   0x08003028   0x000000a4   Code   RO          611    i.aiPbMgrSendAiBuffer4  aipbmgr.o
    0x080030cc   0x080030cc   0x00000184   Code   RO          614    i.aiPbMgrSendNNInfo  aipbmgr.o
    0x08003250   0x08003250   0x00000024   Code   RO          615    i.aiPbMgrSendResp   aipbmgr.o
    0x08003274   0x08003274   0x00000070   Code   RO          616    i.aiPbMgrSetMetaInfo  aipbmgr.o
    0x080032e4   0x080032e4   0x00000024   Code   RO          617    i.aiPbMgrWaitAck    aipbmgr.o
    0x08003308   0x08003308   0x00000084   Code   RO          618    i.aiPbMgrWaitAndProcess  aipbmgr.o
    0x0800338c   0x0800338c   0x00000048   Code   RO          619    i.aiPbStrCopy       aipbmgr.o
    0x080033d4   0x080033d4   0x00000016   Code   RO          620    i.aiPbVersionToUint32  aipbmgr.o
    0x080033ea   0x080033ea   0x00000002   PAD
    0x080033ec   0x080033ec   0x0000004c   Code   RO         1352    i.aiPlatformVersion  aitesthelper.o
    0x08003438   0x08003438   0x00000214   Code   RO         1353    i.aiPrintBufferInfo  aitesthelper.o
    0x0800364c   0x0800364c   0x000002d0   Code   RO         1354    i.aiPrintNetworkInfo  aitesthelper.o
    0x0800391c   0x0800391c   0x00000064   Code   RO          781    i.aiValidationInit  aivalidation.o
    0x08003980   0x08003980   0x00000158   Code   RO          782    i.aiValidationProcess  aivalidation.o
    0x08003ad8   0x08003ad8   0x00000036   Code   RO         4017    i.ai_array_get_byte_size  NetworkRuntime710_CM4_Keil.lib(ai_datatypes_format.o)
    0x08003b0e   0x08003b0e   0x0000001e   Code   RO         4018    i.ai_array_get_data_byte_size  NetworkRuntime710_CM4_Keil.lib(ai_datatypes_format.o)
    0x08003b2c   0x08003b2c   0x00000128   Code   RO         4020    i.ai_array_to_buffer_fmt  NetworkRuntime710_CM4_Keil.lib(ai_datatypes_format.o)
    0x08003c54   0x08003c54   0x00000024   Code   RO         3695    i.ai_buffer_array_item_set_address  NetworkRuntime710_CM4_Keil.lib(ai_platform.o)
    0x08003c78   0x08003c78   0x00000012   Code   RO         3696    i.ai_buffer_array_sane  NetworkRuntime710_CM4_Keil.lib(ai_platform.o)
    0x08003c8a   0x08003c8a   0x00000010   Code   RO         3697    i.ai_buffer_get_byte_size  NetworkRuntime710_CM4_Keil.lib(ai_platform.o)
    0x08003c9a   0x08003c9a   0x00000002   PAD
    0x08003c9c   0x08003c9c   0x00000068   Code   RO         3698    i.ai_buffer_get_size  NetworkRuntime710_CM4_Keil.lib(ai_platform.o)
    0x08003d04   0x08003d04   0x0000002c   Code   RO         4490    i.ai_check_custom_types  NetworkRuntime710_CM4_Keil.lib(layers.o)
    0x08003d30   0x08003d30   0x00000120   Code   RO         3793    i.ai_conv2d_kernel_depthwise_f32  NetworkRuntime710_CM4_Keil.lib(layers_conv2d_generic_float.o)
    0x08003e50   0x08003e50   0x00000164   Code   RO         3794    i.ai_conv2d_kernel_group_f32  NetworkRuntime710_CM4_Keil.lib(layers_conv2d_generic_float.o)
    0x08003fb4   0x08003fb4   0x00000186   Code   RO         3795    i.ai_conv2d_kernel_simple_opt_f32  NetworkRuntime710_CM4_Keil.lib(layers_conv2d_generic_float.o)
    0x0800413a   0x0800413a   0x00000002   PAD
    0x0800413c   0x0800413c   0x00000264   Code   RO         3796    i.ai_conv2d_stripe_f32  NetworkRuntime710_CM4_Keil.lib(layers_conv2d_generic_float.o)
    0x080043a0   0x080043a0   0x0000007a   Code   RO         3799    i.ai_dict_decompress_f32  NetworkRuntime710_CM4_Keil.lib(layers_conv2d_generic_float.o)
    0x0800441a   0x0800441a   0x00000036   Code   RO         4493    i.ai_layers_destroy_all  NetworkRuntime710_CM4_Keil.lib(layers.o)
    0x08004450   0x08004450   0x0000004e   Code   RO         4494    i.ai_layers_forward_all  NetworkRuntime710_CM4_Keil.lib(layers.o)
    0x0800449e   0x0800449e   0x0000001e   Code   RO         4495    i.ai_layers_init_all  NetworkRuntime710_CM4_Keil.lib(layers.o)
    0x080044bc   0x080044bc   0x00000036   Code   RO         4496    i.ai_layers_post_init_all  NetworkRuntime710_CM4_Keil.lib(layers.o)
    0x080044f2   0x080044f2   0x00000002   PAD
    0x080044f4   0x080044f4   0x0000005c   Code   RO         1627    i.ai_mnetwork_create  app_x-cube-ai.o
    0x08004550   0x08004550   0x00000030   Code   RO         1628    i.ai_mnetwork_destroy  app_x-cube-ai.o
    0x08004580   0x08004580   0x0000001c   Code   RO         1629    i.ai_mnetwork_find  app_x-cube-ai.o
    0x0800459c   0x0800459c   0x00000028   Code   RO         1631    i.ai_mnetwork_get_error  app_x-cube-ai.o
    0x080045c4   0x080045c4   0x0000002a   Code   RO         1632    i.ai_mnetwork_get_private_handle  app_x-cube-ai.o
    0x080045ee   0x080045ee   0x0000001c   Code   RO         1633    i.ai_mnetwork_get_report  app_x-cube-ai.o
    0x0800460a   0x0800460a   0x00000002   PAD
    0x0800460c   0x0800460c   0x0000001c   Code   RO         1634    i.ai_mnetwork_handle  app_x-cube-ai.o
    0x08004628   0x08004628   0x00000046   Code   RO         1635    i.ai_mnetwork_init  app_x-cube-ai.o
    0x0800466e   0x0800466e   0x00000034   Code   RO         1636    i.ai_mnetwork_is_valid  app_x-cube-ai.o
    0x080046a2   0x080046a2   0x00000022   Code   RO         1637    i.ai_mnetwork_run   app_x-cube-ai.o
    0x080046c4   0x080046c4   0x00000018   Code   RO           10    i.ai_network_1644156729134_create  network_1644156729134.o
    0x080046dc   0x080046dc   0x00000028   Code   RO          346    i.ai_network_1644156729134_data_params_get  network_1644156729134_data.o
    0x08004704   0x08004704   0x00000004   Code   RO           12    i.ai_network_1644156729134_destroy  network_1644156729134.o
    0x08004708   0x08004708   0x00000006   Code   RO           13    i.ai_network_1644156729134_forward  network_1644156729134.o
    0x0800470e   0x0800470e   0x00000004   Code   RO           14    i.ai_network_1644156729134_get_error  network_1644156729134.o
    0x08004712   0x08004712   0x00000002   PAD
    0x08004714   0x08004714   0x00000058   Code   RO           16    i.ai_network_1644156729134_get_report  network_1644156729134.o
    0x0800476c   0x0800476c   0x00000030   Code   RO           17    i.ai_network_1644156729134_init  network_1644156729134.o
    0x0800479c   0x0800479c   0x00000004   Code   RO           20    i.ai_network_1644156729134_run  network_1644156729134.o
    0x080047a0   0x080047a0   0x0000018c   Code   RO         3722    i.ai_platform_api_get_network_report  NetworkRuntime710_CM4_Keil.lib(ai_platform_interface.o)
    0x0800492c   0x0800492c   0x00000014   Code   RO         3723    i.ai_platform_api_get_version  NetworkRuntime710_CM4_Keil.lib(ai_platform_interface.o)
    0x08004940   0x08004940   0x0000002c   Code   RO         3724    i.ai_platform_bind_network_params  NetworkRuntime710_CM4_Keil.lib(ai_platform_interface.o)
    0x0800496c   0x0800496c   0x0000001c   Code   RO         3725    i.ai_platform_context_acquire  NetworkRuntime710_CM4_Keil.lib(ai_platform_interface.o)
    0x08004988   0x08004988   0x0000002c   Code   RO         3727    i.ai_platform_get_activations_map  NetworkRuntime710_CM4_Keil.lib(ai_platform_interface.o)
    0x080049b4   0x080049b4   0x00000028   Code   RO         3728    i.ai_platform_get_weights_map  NetworkRuntime710_CM4_Keil.lib(ai_platform_interface.o)
    0x080049dc   0x080049dc   0x00000014   Code   RO         3730    i.ai_platform_interface_api_get_version  NetworkRuntime710_CM4_Keil.lib(ai_platform_interface.o)
    0x080049f0   0x080049f0   0x00000108   Code   RO         3731    i.ai_platform_network_create  NetworkRuntime710_CM4_Keil.lib(ai_platform_interface.o)
    0x08004af8   0x08004af8   0x00000016   Code   RO         3732    i.ai_platform_network_destroy  NetworkRuntime710_CM4_Keil.lib(ai_platform_interface.o)
    0x08004b0e   0x08004b0e   0x00000002   PAD
    0x08004b10   0x08004b10   0x0000001c   Code   RO         3733    i.ai_platform_network_get_error  NetworkRuntime710_CM4_Keil.lib(ai_platform_interface.o)
    0x08004b2c   0x08004b2c   0x0000010c   Code   RO         3734    i.ai_platform_network_init  NetworkRuntime710_CM4_Keil.lib(ai_platform_interface.o)
    0x08004c38   0x08004c38   0x00000046   Code   RO         3735    i.ai_platform_network_post_init  NetworkRuntime710_CM4_Keil.lib(ai_platform_interface.o)
    0x08004c7e   0x08004c7e   0x00000054   Code   RO         3736    i.ai_platform_network_process  NetworkRuntime710_CM4_Keil.lib(ai_platform_interface.o)
    0x08004cd2   0x08004cd2   0x0000000c   Code   RO         3737    i.ai_platform_network_set_error  NetworkRuntime710_CM4_Keil.lib(ai_platform_interface.o)
    0x08004cde   0x08004cde   0x00000002   PAD
    0x08004ce0   0x08004ce0   0x00000054   Code   RO         3740    i.ai_platform_observer_register_s  NetworkRuntime710_CM4_Keil.lib(ai_platform_interface.o)
    0x08004d34   0x08004d34   0x00000022   Code   RO         3742    i.ai_platform_observer_unregister_s  NetworkRuntime710_CM4_Keil.lib(ai_platform_interface.o)
    0x08004d56   0x08004d56   0x00000002   PAD
    0x08004d58   0x08004d58   0x00000010   Code   RO         3744    i.ai_platform_runtime_get_revision  NetworkRuntime710_CM4_Keil.lib(ai_platform_interface.o)
    0x08004d68   0x08004d68   0x00000014   Code   RO         3745    i.ai_platform_runtime_get_version  NetworkRuntime710_CM4_Keil.lib(ai_platform_interface.o)
    0x08004d7c   0x08004d7c   0x00000018   Code   RO         4040    i.ai_platform_version_get  NetworkRuntime710_CM4_Keil.lib(ai_datatypes_internal.o)
    0x08004d94   0x08004d94   0x0000001a   Code   RO         3833    i.ai_shape_get_size  NetworkRuntime710_CM4_Keil.lib(layers_nl_generic_float.o)
    0x08004dae   0x08004dae   0x0000000c   Code   RO         4041    i.ai_version_get    NetworkRuntime710_CM4_Keil.lib(ai_datatypes_internal.o)
    0x08004dba   0x08004dba   0x0000001c   Code   RO          944    i.buf_read          pb_decode.o
    0x08004dd6   0x08004dd6   0x0000000c   Code   RO         4505    i.core_get_error    NetworkRuntime710_CM4_Keil.lib(core_common.o)
    0x08004de2   0x08004de2   0x00000004   Code   RO         4506    i.core_init         NetworkRuntime710_CM4_Keil.lib(core_common.o)
    0x08004de6   0x08004de6   0x00000010   Code   RO         3801    i.core_nl_get_params_byte_size  NetworkRuntime710_CM4_Keil.lib(layers_conv2d_generic_float.o)
    0x08004df6   0x08004df6   0x00000012   Code   RO         3802    i.core_nl_get_params_ptr  NetworkRuntime710_CM4_Keil.lib(layers_conv2d_generic_float.o)
    0x08004e08   0x08004e08   0x00000010   Code   RO         3803    i.core_nl_get_params_stride  NetworkRuntime710_CM4_Keil.lib(layers_conv2d_generic_float.o)
    0x08004e18   0x08004e18   0x0000001a   Code   RO         4507    i.core_set_error    NetworkRuntime710_CM4_Keil.lib(core_common.o)
    0x08004e32   0x08004e32   0x00000002   PAD
    0x08004e34   0x08004e34   0x00000050   Code   RO          783    i.cyclesCounterEnd  aivalidation.o
    0x08004e84   0x08004e84   0x000000a4   Code   RO          784    i.cyclesCounterInit  aivalidation.o
    0x08004f28   0x08004f28   0x00000020   Code   RO          785    i.cyclesCounterStart  aivalidation.o
    0x08004f48   0x08004f48   0x000000a4   Code   RO          945    i.decode_callback_field  pb_decode.o
    0x08004fec   0x08004fec   0x00000058   Code   RO          946    i.decode_field      pb_decode.o
    0x08005044   0x08005044   0x00000134   Code   RO          947    i.decode_static_field  pb_decode.o
    0x08005178   0x08005178   0x00000038   Code   RO         1413    i.dwtCyclesToFloatMs  aitestutility.o
    0x080051b0   0x080051b0   0x00000094   Code   RO         1414    i.dwtCyclesToTime   aitestutility.o
    0x08005244   0x08005244   0x00000028   Code   RO          786    i.dwtIpInit         aivalidation.o
    0x0800526c   0x0800526c   0x00000134   Code   RO         1149    i.encode_array      pb_encode.o
    0x080053a0   0x080053a0   0x00000104   Code   RO         1150    i.encode_basic_field  pb_encode.o
    0x080054a4   0x080054a4   0x0000006c   Code   RO         1151    i.encode_field      pb_encode.o
    0x08005510   0x08005510   0x00000294   Code   RO         3804    i.forward_conv2d    NetworkRuntime710_CM4_Keil.lib(layers_conv2d_generic_float.o)
    0x080057a4   0x080057a4   0x00000458   Code   RO         3805    i.forward_conv2d_nl_pool  NetworkRuntime710_CM4_Keil.lib(layers_conv2d_generic_float.o)
    0x08005bfc   0x08005bfc   0x00000208   Code   RO         3806    i.forward_dense     NetworkRuntime710_CM4_Keil.lib(layers_conv2d_generic_float.o)
    0x08005e04   0x08005e04   0x0000009a   Code   RO         3857    i.forward_relu      NetworkRuntime710_CM4_Keil.lib(layers_nl_generic_float.o)
    0x08005e9e   0x08005e9e   0x0000006c   Code   RO         3866    i.forward_sm        NetworkRuntime710_CM4_Keil.lib(layers_nl_generic_float.o)
    0x08005f0a   0x08005f0a   0x00000002   Code   RO         3809    i.func_dummy        NetworkRuntime710_CM4_Keil.lib(layers_conv2d_generic_float.o)
    0x08005f0c   0x08005f0c   0x0000000c   Code   RO         1416    i.getFlashCacheConf  aitestutility.o
    0x08005f18   0x08005f18   0x00000028   Code   RO         4042    i.get_tensor_byte_size  NetworkRuntime710_CM4_Keil.lib(ai_datatypes_internal.o)
    0x08005f40   0x08005f40   0x00000036   Code   RO          621    i.init_aibuffer_msg  aipbmgr.o
    0x08005f76   0x08005f76   0x00000002   PAD
    0x08005f78   0x08005f78   0x0000000c   Code   RO         1417    i.ioRawDisableLLWrite  aitestutility.o
    0x08005f84   0x08005f84   0x00000020   Code   RO         1419    i.ioRawReadBuffer   aitestutility.o
    0x08005fa4   0x08005fa4   0x00000020   Code   RO         1420    i.ioRawWriteBuffer  aitestutility.o
    0x08005fc4   0x08005fc4   0x0000002e   Code   RO          948    i.iter_from_extension  pb_decode.o
    0x08005ff2   0x08005ff2   0x00000002   PAD
    0x08005ff4   0x08005ff4   0x0000001c   Code   RO         1421    i.lc_print          aitestutility.o
    0x08006010   0x08006010   0x0000001a   Code   RO         1738    i.main              main.o
    0x0800602a   0x0800602a   0x00000002   PAD
    0x0800602c   0x0800602c   0x00000068   Code   RO           21    i.network_1644156729134_configure_activations  network_1644156729134.o
    0x08006094   0x08006094   0x000000d8   Code   RO           22    i.network_1644156729134_configure_weights  network_1644156729134.o
    0x0800616c   0x0800616c   0x00000044   Code   RO         3897    i.nl_func_relu_array_f32  NetworkRuntime710_CM4_Keil.lib(layers_nl_generic_float.o)
    0x080061b0   0x080061b0   0x000000c4   Code   RO         3898    i.nl_func_relu_generic_array_f32  NetworkRuntime710_CM4_Keil.lib(layers_nl_generic_float.o)
    0x08006274   0x08006274   0x00000048   Code   RO         3899    i.nl_func_relu_thresholded_array_f32  NetworkRuntime710_CM4_Keil.lib(layers_nl_generic_float.o)
    0x080062bc   0x080062bc   0x0000004e   Code   RO         3907    i.nl_func_sm_array_f32  NetworkRuntime710_CM4_Keil.lib(layers_nl_generic_float.o)
    0x0800630a   0x0800630a   0x00000002   PAD
    0x0800630c   0x0800630c   0x0000009c   Code   RO         3908    i.nl_func_sm_channel_f32  NetworkRuntime710_CM4_Keil.lib(layers_nl_generic_float.o)
    0x080063a8   0x080063a8   0x00000010   Code   RO          622    i.nn_inputs_w_cb    aipbmgr.o
    0x080063b8   0x080063b8   0x00000010   Code   RO          623    i.nn_outputs_w_cb   aipbmgr.o
    0x080063c8   0x080063c8   0x0000004c   Code   RO          624    i.nn_shape_w_cb     aipbmgr.o
    0x08006414   0x08006414   0x0000009e   Code   RO         1152    i.pb_check_proto3_default_value  pb_encode.o
    0x080064b2   0x080064b2   0x00000022   Code   RO          949    i.pb_close_string_substream  pb_decode.o
    0x080064d4   0x080064d4   0x00000090   Code   RO          950    i.pb_dec_bytes      pb_decode.o
    0x08006564   0x08006564   0x00000006   Code   RO          951    i.pb_dec_fixed32    pb_decode.o
    0x0800656a   0x0800656a   0x00000006   Code   RO          952    i.pb_dec_fixed64    pb_decode.o
    0x08006570   0x08006570   0x00000088   Code   RO          953    i.pb_dec_fixed_length_bytes  pb_decode.o
    0x080065f8   0x080065f8   0x0000008c   Code   RO          954    i.pb_dec_string     pb_decode.o
    0x08006684   0x08006684   0x00000078   Code   RO          955    i.pb_dec_submessage  pb_decode.o
    0x080066fc   0x080066fc   0x00000098   Code   RO          956    i.pb_dec_svarint    pb_decode.o
    0x08006794   0x08006794   0x00000098   Code   RO          957    i.pb_dec_uvarint    pb_decode.o
    0x0800682c   0x0800682c   0x00000098   Code   RO          958    i.pb_dec_varint     pb_decode.o
    0x080068c4   0x080068c4   0x0000001e   Code   RO          959    i.pb_decode         pb_decode.o
    0x080068e2   0x080068e2   0x00000030   Code   RO          960    i.pb_decode_delimited  pb_decode.o
    0x08006912   0x08006912   0x0000002a   Code   RO          962    i.pb_decode_fixed32  pb_decode.o
    0x0800693c   0x0800693c   0x0000005c   Code   RO          963    i.pb_decode_fixed64  pb_decode.o
    0x08006998   0x08006998   0x00000224   Code   RO          964    i.pb_decode_noinit  pb_decode.o
    0x08006bbc   0x08006bbc   0x0000003a   Code   RO          966    i.pb_decode_svarint  pb_decode.o
    0x08006bf6   0x08006bf6   0x00000038   Code   RO          967    i.pb_decode_tag     pb_decode.o
    0x08006c2e   0x08006c2e   0x00000002   PAD
    0x08006c30   0x08006c30   0x00000068   Code   RO          968    i.pb_decode_varint  pb_decode.o
    0x08006c98   0x08006c98   0x00000006   Code   RO          969    i.pb_decode_varint32  pb_decode.o
    0x08006c9e   0x08006c9e   0x00000002   PAD
    0x08006ca0   0x08006ca0   0x0000009c   Code   RO          970    i.pb_decode_varint32_eof  pb_decode.o
    0x08006d3c   0x08006d3c   0x00000048   Code   RO         1153    i.pb_enc_bytes      pb_encode.o
    0x08006d84   0x08006d84   0x00000006   Code   RO         1154    i.pb_enc_fixed32    pb_encode.o
    0x08006d8a   0x08006d8a   0x00000006   Code   RO         1155    i.pb_enc_fixed64    pb_encode.o
    0x08006d90   0x08006d90   0x0000000c   Code   RO         1156    i.pb_enc_fixed_length_bytes  pb_encode.o
    0x08006d9c   0x08006d9c   0x00000038   Code   RO         1157    i.pb_enc_string     pb_encode.o
    0x08006dd4   0x08006dd4   0x00000034   Code   RO         1158    i.pb_enc_submessage  pb_encode.o
    0x08006e08   0x08006e08   0x00000054   Code   RO         1159    i.pb_enc_svarint    pb_encode.o
    0x08006e5c   0x08006e5c   0x00000054   Code   RO         1160    i.pb_enc_uvarint    pb_encode.o
    0x08006eb0   0x08006eb0   0x00000054   Code   RO         1161    i.pb_enc_varint     pb_encode.o
    0x08006f04   0x08006f04   0x00000070   Code   RO         1162    i.pb_encode         pb_encode.o
    0x08006f74   0x08006f74   0x00000024   Code   RO         1164    i.pb_encode_fixed32  pb_encode.o
    0x08006f98   0x08006f98   0x00000048   Code   RO         1165    i.pb_encode_fixed64  pb_encode.o
    0x08006fe0   0x08006fe0   0x00000022   Code   RO         1167    i.pb_encode_string  pb_encode.o
    0x08007002   0x08007002   0x00000002   PAD
    0x08007004   0x08007004   0x000000bc   Code   RO         1168    i.pb_encode_submessage  pb_encode.o
    0x080070c0   0x080070c0   0x00000014   Code   RO         1169    i.pb_encode_svarint  pb_encode.o
    0x080070d4   0x080070d4   0x0000000a   Code   RO         1170    i.pb_encode_tag     pb_encode.o
    0x080070de   0x080070de   0x00000002   PAD
    0x080070e0   0x080070e0   0x00000050   Code   RO         1171    i.pb_encode_tag_for_field  pb_encode.o
    0x08007130   0x08007130   0x0000004a   Code   RO         1172    i.pb_encode_varint  pb_encode.o
    0x0800717a   0x0800717a   0x00000024   Code   RO          914    i.pb_field_iter_begin  pb_common.o
    0x0800719e   0x0800719e   0x0000002e   Code   RO          915    i.pb_field_iter_find  pb_common.o
    0x080071cc   0x080071cc   0x00000084   Code   RO          916    i.pb_field_iter_next  pb_common.o
    0x08007250   0x08007250   0x000000b2   Code   RO          971    i.pb_field_set_to_default  pb_decode.o
    0x08007302   0x08007302   0x00000002   PAD
    0x08007304   0x08007304   0x00000018   Code   RO          395    i.pb_io_flush_istream  aipbio.o
    0x0800731c   0x0800731c   0x0000001c   Code   RO          396    i.pb_io_flush_ostream  aipbio.o
    0x08007338   0x08007338   0x00000018   Code   RO          397    i.pb_io_istream     aipbio.o
    0x08007350   0x08007350   0x00000028   Code   RO          398    i.pb_io_ostream     aipbio.o
    0x08007378   0x08007378   0x0000000a   Code   RO          399    i.pb_io_stream_init  aipbio.o
    0x08007382   0x08007382   0x00000002   PAD
    0x08007384   0x08007384   0x00000014   Code   RO          972    i.pb_istream_from_buffer  pb_decode.o
    0x08007398   0x08007398   0x00000058   Code   RO          973    i.pb_make_string_substream  pb_decode.o
    0x080073f0   0x080073f0   0x00000026   Code   RO          974    i.pb_message_set_to_defaults  pb_decode.o
    0x08007416   0x08007416   0x00000002   PAD
    0x08007418   0x08007418   0x00000084   Code   RO          975    i.pb_read           pb_decode.o
    0x0800749c   0x0800749c   0x0000004c   Code   RO          976    i.pb_readbyte       pb_decode.o
    0x080074e8   0x080074e8   0x00000078   Code   RO          977    i.pb_skip_field     pb_decode.o
    0x08007560   0x08007560   0x00000054   Code   RO         1175    i.pb_write          pb_encode.o
    0x080075b4   0x080075b4   0x000001ac   Code   RO         4005    i.pool_func_mp_array_f32  NetworkRuntime710_CM4_Keil.lib(layers_pool_generic_float.o)
    0x08007760   0x08007760   0x0000007c   Code   RO          400    i.read_callback     aipbio.o
    0x080077dc   0x080077dc   0x0000001c   Code   RO          401    i.read_packet       aipbio.o
    0x080077f8   0x080077f8   0x00000080   Code   RO          978    i.read_raw_value    pb_decode.o
    0x08007878   0x08007878   0x00000264   Code   RO         1424    i.systemSettingLog  aitestutility.o
    0x08007adc   0x08007adc   0x0000019c   Code   RO         1526    i.vlc_print         lc_print.o
    0x08007c78   0x08007c78   0x0000004c   Code   RO          402    i.write_callback    aipbio.o
    0x08007cc4   0x08007cc4   0x0000000c   Code   RO          403    i.write_packet      aipbio.o
    0x08007cd0   0x08007cd0   0x00000018   Code   RO         4651    x$fpl$basic         fz_wm.l(basic.o)
    0x08007ce8   0x08007ce8   0x00000150   Code   RO         4653    x$fpl$dadd          fz_wm.l(daddsub_clz.o)
    0x08007e38   0x08007e38   0x00000018   Code   RO         4986    x$fpl$dcmpinf       fz_wm.l(dcmpi.o)
    0x08007e50   0x08007e50   0x000002b0   Code   RO         4660    x$fpl$ddiv          fz_wm.l(ddiv.o)
    0x08008100   0x08008100   0x00000078   Code   RO         4667    x$fpl$dleqf         fz_wm.l(dleqf.o)
    0x08008178   0x08008178   0x00000154   Code   RO         4669    x$fpl$dmul          fz_wm.l(dmul.o)
    0x080082cc   0x080082cc   0x0000009c   Code   RO         4988    x$fpl$dnaninf       fz_wm.l(dnaninf.o)
    0x08008368   0x08008368   0x0000000c   Code   RO         4990    x$fpl$dretinf       fz_wm.l(dretinf.o)
    0x08008374   0x08008374   0x000001d4   Code   RO         4655    x$fpl$dsub          fz_wm.l(daddsub_clz.o)
    0x08008548   0x08008548   0x00000056   Code   RO         4671    x$fpl$f2d           fz_wm.l(f2d.o)
    0x0800859e   0x0800859e   0x00000060   Code   RO         4677    x$fpl$ffltll        fz_wm.l(ffltll_clz.o)
    0x080085fe   0x080085fe   0x0000008c   Code   RO         4992    x$fpl$fnaninf       fz_wm.l(fnaninf.o)
    0x0800868a   0x0800868a   0x0000000a   Code   RO         5089    x$fpl$fpinit        fz_wm.l(fpinit.o)
    0x08008694   0x08008694   0x00000078   Code   RO         4663    x$fpl$llufromd      fz_wm.l(dfixull.o)
    0x0800870c   0x0800870c   0x00000000   Code   RO         5000    x$fpl$usenofp       fz_wm.l(usenofp.o)
    0x0800870c   0x0800870c   0x00000008   Data   RO           30    .constdata          network_1644156729134.o
    0x08008714   0x08008714   0x00000008   Data   RO           31    .constdata          network_1644156729134.o
    0x0800871c   0x0800871c   0x00000008   Data   RO           32    .constdata          network_1644156729134.o
    0x08008724   0x08008724   0x00000008   Data   RO           33    .constdata          network_1644156729134.o
    0x0800872c   0x0800872c   0x00000008   Data   RO           34    .constdata          network_1644156729134.o
    0x08008734   0x08008734   0x00000008   Data   RO           35    .constdata          network_1644156729134.o
    0x0800873c   0x0800873c   0x000000f8   Data   RO           36    .constdata          network_1644156729134.o
    0x08008834   0x08008834   0x0000000c   PAD
    0x08008840   0x08008840   0x000a3c68   Data   RO          349    .constdata          network_1644156729134_data.o
    0x080ac4a8   0x080ac4a8   0x00000074   Data   RO          350    .constdata          network_1644156729134_data.o
    0x080ac51c   0x080ac51c   0x00000024   Data   RO          405    .constdata          aipbio.o
    0x080ac540   0x080ac540   0x00000058   Data   RO          626    .constdata          aipbmgr.o
    0x080ac598   0x080ac598   0x0000001c   Data   RO          788    .constdata          aivalidation.o
    0x080ac5b4   0x080ac5b4   0x00000028   Data   RO          979    .constdata          pb_decode.o
    0x080ac5dc   0x080ac5dc   0x00000028   Data   RO         1176    .constdata          pb_encode.o
    0x080ac604   0x080ac604   0x00000001   Data   RO         1317    .constdata          stm32msg.pb.o
    0x080ac605   0x080ac605   0x00000003   PAD
    0x080ac608   0x080ac608   0x00000004   Data   RO         1318    .constdata          stm32msg.pb.o
    0x080ac60c   0x080ac60c   0x00000004   Data   RO         1319    .constdata          stm32msg.pb.o
    0x080ac610   0x080ac610   0x00000004   Data   RO         1320    .constdata          stm32msg.pb.o
    0x080ac614   0x080ac614   0x00000004   Data   RO         1321    .constdata          stm32msg.pb.o
    0x080ac618   0x080ac618   0x00000004   Data   RO         1322    .constdata          stm32msg.pb.o
    0x080ac61c   0x080ac61c   0x00000004   Data   RO         1323    .constdata          stm32msg.pb.o
    0x080ac620   0x080ac620   0x00000004   Data   RO         1324    .constdata          stm32msg.pb.o
    0x080ac624   0x080ac624   0x00000004   Data   RO         1325    .constdata          stm32msg.pb.o
    0x080ac628   0x080ac628   0x0000005a   Data   RO         1326    .constdata          stm32msg.pb.o
    0x080ac682   0x080ac682   0x0000005a   Data   RO         1327    .constdata          stm32msg.pb.o
    0x080ac6dc   0x080ac6dc   0x00000087   Data   RO         1328    .constdata          stm32msg.pb.o
    0x080ac763   0x080ac763   0x0000013b   Data   RO         1329    .constdata          stm32msg.pb.o
    0x080ac89e   0x080ac89e   0x0000002d   Data   RO         1330    .constdata          stm32msg.pb.o
    0x080ac8cb   0x080ac8cb   0x0000003c   Data   RO         1331    .constdata          stm32msg.pb.o
    0x080ac907   0x080ac907   0x0000004b   Data   RO         1332    .constdata          stm32msg.pb.o
    0x080ac952   0x080ac952   0x0000002d   Data   RO         1333    .constdata          stm32msg.pb.o
    0x080ac97f   0x080ac97f   0x0000002d   Data   RO         1334    .constdata          stm32msg.pb.o
    0x080ac9ac   0x080ac9ac   0x0000004b   Data   RO         1335    .constdata          stm32msg.pb.o
    0x080ac9f7   0x080ac9f7   0x00000096   Data   RO         1336    .constdata          stm32msg.pb.o
    0x080aca8d   0x080aca8d   0x00000003   PAD
    0x080aca90   0x080aca90   0x0000002c   Data   RO         1642    .constdata          app_x-cube-ai.o
    0x080acabc   0x080acabc   0x00000010   Data   RO         3659    .constdata          system_stm32f4xx.o
    0x080acacc   0x080acacc   0x00000008   Data   RO         3660    .constdata          system_stm32f4xx.o
    0x080acad4   0x080acad4   0x0000006c   Data   RO         3746    .constdata          NetworkRuntime710_CM4_Keil.lib(ai_platform_interface.o)
    0x080acb40   0x080acb40   0x00000030   Data   RO         4796    .constdata          m_wm.l(expf.o)
    0x080acb70   0x080acb70   0x0000006d   Data   RO           37    .conststring        network_1644156729134.o
    0x080acbdd   0x080acbdd   0x00000003   PAD
    0x080acbe0   0x080acbe0   0x00000046   Data   RO          789    .conststring        aivalidation.o
    0x080acc26   0x080acc26   0x00000002   PAD
    0x080acc28   0x080acc28   0x00000044   Data   RO         1427    .conststring        aitestutility.o
    0x080acc6c   0x080acc6c   0x00000020   Data   RO         5180    Region$$Table       anon$$obj.o


    Execution Region RW_IRAM2 (Exec base: 0x10000000, Load base: 0x080acff0, Size: 0x00000000, Max: 0x00010000, ABSOLUTE)

    **** No section assigned to this execution region ****


    Execution Region RW_IRAM1 (Exec base: 0x20000000, Load base: 0x080acc8c, Size: 0x0001b9c8, Max: 0x00030000, ABSOLUTE, COMPRESSED[0x00000364])

    Exec Addr    Load Addr    Size         Type   Attr      Idx    E Section Name        Object

    0x20000000   COMPRESSED   0x00000010   Data   RW           38    .data               network_1644156729134.o
    0x20000010   COMPRESSED   0x00000010   Data   RW           39    .data               network_1644156729134.o
    0x20000020   COMPRESSED   0x00000010   Data   RW           40    .data               network_1644156729134.o
    0x20000030   COMPRESSED   0x00000010   Data   RW           41    .data               network_1644156729134.o
    0x20000040   COMPRESSED   0x00000010   Data   RW           42    .data               network_1644156729134.o
    0x20000050   COMPRESSED   0x00000010   Data   RW           43    .data               network_1644156729134.o
    0x20000060   COMPRESSED   0x00000010   Data   RW           44    .data               network_1644156729134.o
    0x20000070   COMPRESSED   0x00000010   Data   RW           45    .data               network_1644156729134.o
    0x20000080   COMPRESSED   0x00000010   Data   RW           46    .data               network_1644156729134.o
    0x20000090   COMPRESSED   0x00000010   Data   RW           47    .data               network_1644156729134.o
    0x200000a0   COMPRESSED   0x00000010   Data   RW           48    .data               network_1644156729134.o
    0x200000b0   COMPRESSED   0x00000010   Data   RW           49    .data               network_1644156729134.o
    0x200000c0   COMPRESSED   0x00000010   Data   RW           50    .data               network_1644156729134.o
    0x200000d0   COMPRESSED   0x00000010   Data   RW           51    .data               network_1644156729134.o
    0x200000e0   COMPRESSED   0x00000010   Data   RW           52    .data               network_1644156729134.o
    0x200000f0   COMPRESSED   0x00000010   Data   RW           53    .data               network_1644156729134.o
    0x20000100   COMPRESSED   0x00000010   Data   RW           54    .data               network_1644156729134.o
    0x20000110   COMPRESSED   0x00000010   Data   RW           55    .data               network_1644156729134.o
    0x20000120   COMPRESSED   0x00000010   Data   RW           56    .data               network_1644156729134.o
    0x20000130   COMPRESSED   0x00000010   Data   RW           57    .data               network_1644156729134.o
    0x20000140   COMPRESSED   0x00000010   Data   RW           58    .data               network_1644156729134.o
    0x20000150   COMPRESSED   0x00000010   Data   RW           59    .data               network_1644156729134.o
    0x20000160   COMPRESSED   0x00000010   Data   RW           60    .data               network_1644156729134.o
    0x20000170   COMPRESSED   0x00000010   Data   RW           61    .data               network_1644156729134.o
    0x20000180   COMPRESSED   0x00000010   Data   RW           62    .data               network_1644156729134.o
    0x20000190   COMPRESSED   0x00000010   Data   RW           63    .data               network_1644156729134.o
    0x200001a0   COMPRESSED   0x00000010   Data   RW           64    .data               network_1644156729134.o
    0x200001b0   COMPRESSED   0x00000010   Data   RW           65    .data               network_1644156729134.o
    0x200001c0   COMPRESSED   0x00000010   Data   RW           66    .data               network_1644156729134.o
    0x200001d0   COMPRESSED   0x00000010   Data   RW           67    .data               network_1644156729134.o
    0x200001e0   COMPRESSED   0x00000010   Data   RW           68    .data               network_1644156729134.o
    0x200001f0   COMPRESSED   0x00000010   Data   RW           69    .data               network_1644156729134.o
    0x20000200   COMPRESSED   0x00000010   Data   RW           70    .data               network_1644156729134.o
    0x20000210   COMPRESSED   0x00000010   Data   RW           71    .data               network_1644156729134.o
    0x20000220   COMPRESSED   0x00000004   Data   RW           72    .data               network_1644156729134.o
    0x20000224   COMPRESSED   0x00000004   Data   RW           73    .data               network_1644156729134.o
    0x20000228   COMPRESSED   0x00000004   Data   RW           74    .data               network_1644156729134.o
    0x2000022c   COMPRESSED   0x00000004   Data   RW           75    .data               network_1644156729134.o
    0x20000230   COMPRESSED   0x00000030   Data   RW           76    .data               network_1644156729134.o
    0x20000260   COMPRESSED   0x00000004   Data   RW           77    .data               network_1644156729134.o
    0x20000264   COMPRESSED   0x00000004   Data   RW           78    .data               network_1644156729134.o
    0x20000268   COMPRESSED   0x00000008   Data   RW           79    .data               network_1644156729134.o
    0x20000270   COMPRESSED   0x00000004   Data   RW           80    .data               network_1644156729134.o
    0x20000274   COMPRESSED   0x00000030   Data   RW           81    .data               network_1644156729134.o
    0x200002a4   COMPRESSED   0x00000004   Data   RW           82    .data               network_1644156729134.o
    0x200002a8   COMPRESSED   0x00000004   Data   RW           83    .data               network_1644156729134.o
    0x200002ac   COMPRESSED   0x00000004   Data   RW           84    .data               network_1644156729134.o
    0x200002b0   COMPRESSED   0x00000004   Data   RW           85    .data               network_1644156729134.o
    0x200002b4   COMPRESSED   0x00000030   Data   RW           86    .data               network_1644156729134.o
    0x200002e4   COMPRESSED   0x00000004   Data   RW           87    .data               network_1644156729134.o
    0x200002e8   COMPRESSED   0x00000004   Data   RW           88    .data               network_1644156729134.o
    0x200002ec   COMPRESSED   0x00000008   Data   RW           89    .data               network_1644156729134.o
    0x200002f4   COMPRESSED   0x00000004   Data   RW           90    .data               network_1644156729134.o
    0x200002f8   COMPRESSED   0x00000030   Data   RW           91    .data               network_1644156729134.o
    0x20000328   COMPRESSED   0x00000004   Data   RW           92    .data               network_1644156729134.o
    0x2000032c   COMPRESSED   0x00000004   Data   RW           93    .data               network_1644156729134.o
    0x20000330   COMPRESSED   0x0000000c   Data   RW           94    .data               network_1644156729134.o
    0x2000033c   COMPRESSED   0x00000004   Data   RW           95    .data               network_1644156729134.o
    0x20000340   COMPRESSED   0x00000030   Data   RW           96    .data               network_1644156729134.o
    0x20000370   COMPRESSED   0x00000004   Data   RW           97    .data               network_1644156729134.o
    0x20000374   COMPRESSED   0x00000004   Data   RW           98    .data               network_1644156729134.o
    0x20000378   COMPRESSED   0x0000000c   Data   RW           99    .data               network_1644156729134.o
    0x20000384   COMPRESSED   0x00000004   Data   RW          100    .data               network_1644156729134.o
    0x20000388   COMPRESSED   0x00000030   Data   RW          101    .data               network_1644156729134.o
    0x200003b8   COMPRESSED   0x00000010   Data   RW          102    .data               network_1644156729134.o
    0x200003c8   COMPRESSED   0x0000001c   Data   RW          103    .data               network_1644156729134.o
    0x200003e4   COMPRESSED   0x00000010   Data   RW          104    .data               network_1644156729134.o
    0x200003f4   COMPRESSED   0x0000001c   Data   RW          105    .data               network_1644156729134.o
    0x20000410   COMPRESSED   0x00000004   Data   RW          106    .data               network_1644156729134.o
    0x20000414   COMPRESSED   0x00000008   Data   RW          107    .data               network_1644156729134.o
    0x2000041c   COMPRESSED   0x0000000c   Data   RW          108    .data               network_1644156729134.o
    0x20000428   COMPRESSED   0x00000004   Data   RW          109    .data               network_1644156729134.o
    0x2000042c   COMPRESSED   0x00000008   Data   RW          110    .data               network_1644156729134.o
    0x20000434   COMPRESSED   0x0000000c   Data   RW          111    .data               network_1644156729134.o
    0x20000440   COMPRESSED   0x00000018   Data   RW          112    .data               network_1644156729134.o
    0x20000458   COMPRESSED   0x00000010   Data   RW          113    .data               network_1644156729134.o
    0x20000468   COMPRESSED   0x00000128   Data   RW          114    .data               network_1644156729134.o
    0x20000590   COMPRESSED   0x00000010   Data   RW          115    .data               network_1644156729134.o
    0x200005a0   COMPRESSED   0x0000001c   Data   RW          116    .data               network_1644156729134.o
    0x200005bc   COMPRESSED   0x0000001c   Data   RW          117    .data               network_1644156729134.o
    0x200005d8   COMPRESSED   0x0000001c   Data   RW          118    .data               network_1644156729134.o
    0x200005f4   COMPRESSED   0x0000001c   Data   RW          119    .data               network_1644156729134.o
    0x20000610   COMPRESSED   0x0000001c   Data   RW          120    .data               network_1644156729134.o
    0x2000062c   COMPRESSED   0x0000001c   Data   RW          121    .data               network_1644156729134.o
    0x20000648   COMPRESSED   0x0000001c   Data   RW          122    .data               network_1644156729134.o
    0x20000664   COMPRESSED   0x0000001c   Data   RW          123    .data               network_1644156729134.o
    0x20000680   COMPRESSED   0x0000001c   Data   RW          124    .data               network_1644156729134.o
    0x2000069c   COMPRESSED   0x0000001c   Data   RW          125    .data               network_1644156729134.o
    0x200006b8   COMPRESSED   0x0000001c   Data   RW          126    .data               network_1644156729134.o
    0x200006d4   COMPRESSED   0x0000001c   Data   RW          127    .data               network_1644156729134.o
    0x200006f0   COMPRESSED   0x0000001c   Data   RW          128    .data               network_1644156729134.o
    0x2000070c   COMPRESSED   0x0000001c   Data   RW          129    .data               network_1644156729134.o
    0x20000728   COMPRESSED   0x0000001c   Data   RW          130    .data               network_1644156729134.o
    0x20000744   COMPRESSED   0x0000001c   Data   RW          131    .data               network_1644156729134.o
    0x20000760   COMPRESSED   0x0000001c   Data   RW          132    .data               network_1644156729134.o
    0x2000077c   COMPRESSED   0x00000020   Data   RW          133    .data               network_1644156729134.o
    0x2000079c   COMPRESSED   0x0000001c   Data   RW          134    .data               network_1644156729134.o
    0x200007b8   COMPRESSED   0x00000020   Data   RW          135    .data               network_1644156729134.o
    0x200007d8   COMPRESSED   0x0000001c   Data   RW          136    .data               network_1644156729134.o
    0x200007f4   COMPRESSED   0x0000005c   Data   RW          137    .data               network_1644156729134.o
    0x20000850   COMPRESSED   0x00000040   Data   RW          138    .data               network_1644156729134.o
    0x20000890   COMPRESSED   0x00000010   Data   RW          351    .data               network_1644156729134_data.o
    0x200008a0   COMPRESSED   0x00000010   Data   RW          352    .data               network_1644156729134_data.o
    0x200008b0   COMPRESSED   0x0000001c   Data   RW          353    .data               network_1644156729134_data.o
    0x200008cc   COMPRESSED   0x0000001c   Data   RW          354    .data               network_1644156729134_data.o
    0x200008e8   COMPRESSED   0x00000004   Data   RW          406    .data               aipbio.o
    0x200008ec   COMPRESSED   0x0000003c   Data   RW          790    .data               aivalidation.o
    0x20000928   COMPRESSED   0x00000008   Data   RW         1428    .data               aitestutility.o
    0x20000930   COMPRESSED   0x00000004   Data   RW         1644    .data               app_x-cube-ai.o
    0x20000934   COMPRESSED   0x00000004   Data   RW         1645    .data               app_x-cube-ai.o
    0x20000938   COMPRESSED   0x00000004   Data   RW         1646    .data               app_x-cube-ai.o
    0x2000093c   COMPRESSED   0x00000008   Data   RW         1810    .data               crc.o
    0x20000944   COMPRESSED   0x0000000c   Data   RW         3023    .data               stm32f4xx_hal.o
    0x20000950   COMPRESSED   0x00000004   Data   RW         3661    .data               system_stm32f4xx.o
    0x20000954        -       0x00000010   Zero   RW           23    .bss                network_1644156729134.o
    0x20000964        -       0x00000010   Zero   RW           24    .bss                network_1644156729134.o
    0x20000974        -       0x00000010   Zero   RW           25    .bss                network_1644156729134.o
    0x20000984        -       0x0000001c   Zero   RW           26    .bss                network_1644156729134.o
    0x200009a0        -       0x00000010   Zero   RW           27    .bss                network_1644156729134.o
    0x200009b0        -       0x0000001c   Zero   RW           28    .bss                network_1644156729134.o
    0x200009cc        -       0x00000010   Zero   RW           29    .bss                network_1644156729134.o
    0x200009dc        -       0x00000042   Zero   RW          404    .bss                aipbio.o
    0x20000a1e   COMPRESSED   0x00000002   PAD
    0x20000a20        -       0x00000280   Zero   RW          625    .bss                aipbmgr.o
    0x20000ca0        -       0x000000c8   Zero   RW          787    .bss                aivalidation.o
    0x20000d68        -       0x0000000c   Zero   RW         1426    .bss                aitestutility.o
    0x20000d74        -       0x00000040   Zero   RW         1638    .bss                app_x-cube-ai.o
    0x20000db4        -       0x00000c40   Zero   RW         1639    .bss                app_x-cube-ai.o
    0x200019f4        -       0x00000028   Zero   RW         1640    .bss                app_x-cube-ai.o
    0x20001a1c   COMPRESSED   0x00000004   PAD
    0x20001a20        -       0x00018f00   Zero   RW         1641    .bss                app_x-cube-ai.o
    0x2001a920        -       0x00000044   Zero   RW         1852    .bss                usart.o
    0x2001a964        -       0x00000060   Zero   RW         5048    .bss                c_w.l(libspace.o)
    0x2001a9c4   COMPRESSED   0x00000004   PAD
    0x2001a9c8        -       0x00000800   Zero   RW            2    HEAP                startup_stm32f429xx.o
    0x2001b1c8        -       0x00000800   Zero   RW            1    STACK               startup_stm32f429xx.o


==============================================================================

Image component sizes


      Code (inc. data)   RO Data    RW Data    ZI Data      Debug   Object Name

       366         58         36          4         66     745440   aipbio.o
      1712         86         88          0        640      49604   aipbmgr.o
      1440        698          0          0          0       3872   aitesthelper.o
       968        404         68          8         12       9522   aitestutility.o
      2388        648         98         60        200      48859   aivalidation.o
       480         18         44         12     105384      11200   app_x-cube-ai.o
        76         18          0          8          0       1499   crc.o
        44          6          0          0          0        787   gpio.o
      1148         28          0          0          0       6260   lc_print.o
       190         10          0          0          0       2052   main.o
       498         42        405       2192        136      57096   network_1644156729134.o
        40          4     670940         88          0      15831   network_1644156729134_data.o
       214          0          0          0          0      11068   pb_common.o
      3596        646         40          0          0      37711   pb_decode.o
      2000        318         40          0          0      27878   pb_encode.o
        64         26        428          0       4096        836   startup_stm32f429xx.o
       216         42          0         12          0      11107   stm32f4xx_hal.o
       172         14          0          0          0      33242   stm32f4xx_hal_cortex.o
        34          0          0          0          0       1035   stm32f4xx_hal_crc.o
       564         54          0          0          0       1540   stm32f4xx_hal_gpio.o
        48          6          0          0          0        842   stm32f4xx_hal_msp.o
       112         14          0          0          0       1276   stm32f4xx_hal_pwr_ex.o
      1360         82          0          0          0       5680   stm32f4xx_hal_rcc.o
       856         10          0          0          0       5371   stm32f4xx_hal_uart.o
        20          0          0          0          0       4118   stm32f4xx_it.o
         0          0       1158          0          0      11119   stm32msg.pb.o
        16          4         24          4          0       1111   system_stm32f4xx.o
       164         22          0          0         68       1694   usart.o

    ----------------------------------------------------------------------
     18826       3258     673424       2388     110608    1107650   Object Totals
         0          0         32          0          0          0   (incl. Generated)
        40          0         23          0          6          0   (incl. Padding)

    ----------------------------------------------------------------------

      Code (inc. data)   RO Data    RW Data    ZI Data      Debug   Library Member Name

       380         54          0          0          0        360   ai_datatypes_format.o
        76          6          0          0          0        348   ai_datatypes_internal.o
       174          8          0          0          0        484   ai_platform.o
      3080        158        108          0          0       4008   ai_platform_interface.o
        42          0          0          0          0        348   core_common.o
       278          6          0          0          0        756   layers.o
      4892         48          0          0          0       2056   layers_conv2d_generic_float.o
       858         24          0          0          0       1076   layers_nl_generic_float.o
       428          4          0          0          0        148   layers_pool_generic_float.o
        90          0          0          0          0          0   __dczerorl2.o
         8          0          0          0          0         68   __main.o
         0          0          0          0          0          0   __rtentry.o
        12          0          0          0          0          0   __rtentry2.o
         6          0          0          0          0          0   __rtentry4.o
        52          8          0          0          0          0   __scatter.o
        28          0          0          0          0          0   __scatter_zi.o
        22          0          0          0          0        100   _rserrno.o
        10          0          0          0          0         68   defsig_exit.o
        50          0          0          0          0         88   defsig_general.o
        80         58          0          0          0         76   defsig_rtmem_inner.o
        14          0          0          0          0         80   defsig_rtmem_outer.o
        18          0          0          0          0         80   exit.o
        94          0          0          0          0         80   h1_alloc.o
        52          0          0          0          0         68   h1_extend.o
        78          0          0          0          0         80   h1_free.o
        14          0          0          0          0         84   h1_init.o
         6          0          0          0          0        152   heapauxi.o
         4          0          0          0          0        136   hguard.o
         0          0          0          0          0          0   indicate_semi.o
       138          0          0          0          0        168   init_alloc.o
         2          0          0          0          0          0   libinit.o
        14          0          0          0          0          0   libinit2.o
         2          0          0          0          0          0   libshutdown.o
         2          0          0          0          0          0   libshutdown2.o
         8          4          0          0         96         68   libspace.o
        38          0          0          0          0         68   llshl.o
       238          0          0          0          0        100   lludivv7m.o
         0          0          0          0          0          0   maybetermalloc1.o
        88          0          0          0          0         76   memcmp.o
         8          4          0          0          0         68   rt_errno_addr_intlibspace.o
         8          4          0          0          0         68   rt_heap_descriptor_intlibspace.o
        68          0          0          0          0         68   rt_memclr.o
        78          0          0          0          0         80   rt_memclr_w.o
       138          0          0          0          0         68   rt_memcpy_v6.o
       100          0          0          0          0         80   rt_memcpy_w.o
         2          0          0          0          0          0   rtexit.o
        10          0          0          0          0          0   rtexit2.o
        62          0          0          0          0         76   strlen.o
       150          0          0          0          0         80   strncmp.o
        12          4          0          0          0         68   sys_exit.o
        74          0          0          0          0         80   sys_stackheap_outer.o
        14          0          0          0          0         76   sys_wrch.o
         2          0          0          0          0         68   use_no_semi.o
        24          0          0          0          0        164   basic.o
       804         16          0          0          0        368   daddsub_clz.o
        24          0          0          0          0        116   dcmpi.o
       688        140          0          0          0        256   ddiv.o
       120          4          0          0          0        152   dfixull.o
       120          4          0          0          0        140   dleqf.o
       340         12          0          0          0        152   dmul.o
       156          4          0          0          0        140   dnaninf.o
        12          0          0          0          0        116   dretinf.o
        86          4          0          0          0        132   f2d.o
        96          0          0          0          0        132   ffltll_clz.o
       140          4          0          0          0        132   fnaninf.o
        10          0          0          0          0        116   fpinit.o
         0          0          0          0          0          0   usenofp.o
       488         62         48          0          0        236   expf.o
        38          0          0          0          0        116   fpclassifyf.o
        38         12          0          0          0        348   funder.o

    ----------------------------------------------------------------------
     15318        652        156          0        100      14920   Library Totals
        32          0          0          0          4          0   (incl. Padding)

    ----------------------------------------------------------------------

      Code (inc. data)   RO Data    RW Data    ZI Data      Debug   Library Name

     10208        308        108          0          0       9584   NetworkRuntime710_CM4_Keil.lib
      1894         82          0          0         96       2520   c_w.l
      2620        188          0          0          0       2116   fz_wm.l
       564         74         48          0          0        700   m_wm.l

    ----------------------------------------------------------------------
     15318        652        156          0        100      14920   Library Totals

    ----------------------------------------------------------------------

==============================================================================


      Code (inc. data)   RO Data    RW Data    ZI Data      Debug   

     34144       3910     673580       2388     110708    1094566   Grand Totals
     34144       3910     673580        868     110708    1094566   ELF Image Totals (compressed)
     34144       3910     673580        868          0          0   ROM Totals

==============================================================================

    Total RO  Size (Code + RO Data)               707724 ( 691.14kB)
    Total RW  Size (RW Data + ZI Data)            113096 ( 110.45kB)
    Total ROM Size (Code + RO Data + RW Data)     708592 ( 691.98kB)

==============================================================================

